Archive member included because of file (symbol)

/Users/Vincent/Documents/OS_Dev/devkitPro/libnds/lib/libnds9.a(background.o)
                              ndsbasic.o (bgInit_call)
/Users/Vincent/Documents/OS_Dev/devkitPro/libnds/lib/libnds9.a(console.o)
                              ndsbasic.o (consoleDemoInit)
/Users/Vincent/Documents/OS_Dev/devkitPro/libnds/lib/libnds9.a(keyboard.o)
                              ndsbasic.o (keyboardUpdate)
/Users/Vincent/Documents/OS_Dev/devkitPro/libnds/lib/libnds9.a(keys.o)
                              /Users/Vincent/Documents/OS_Dev/devkitPro/libnds/lib/libnds9.a(keyboard.o) (scanKeys)
/Users/Vincent/Documents/OS_Dev/devkitPro/libnds/lib/libnds9.a(touch.o)
                              /Users/Vincent/Documents/OS_Dev/devkitPro/libnds/lib/libnds9.a(keyboard.o) (touchRead)
/Users/Vincent/Documents/OS_Dev/devkitPro/libnds/lib/libnds9.a(trig.o)
                              /Users/Vincent/Documents/OS_Dev/devkitPro/libnds/lib/libnds9.a(background.o) (sinLerp)
/Users/Vincent/Documents/OS_Dev/devkitPro/libnds/lib/libnds9.a(initSystem.o)
                              /Users/Vincent/Documents/OS_Dev/devkitPro/devkitARM/bin/../lib/gcc/arm-none-eabi/4.8.2/../../../../arm-none-eabi/lib/thumb/ds_arm9_crt0.o (initSystem)
/Users/Vincent/Documents/OS_Dev/devkitPro/libnds/lib/libnds9.a(fifosystem.o)
                              /Users/Vincent/Documents/OS_Dev/devkitPro/libnds/lib/libnds9.a(initSystem.o) (fifoSendValue32)
/Users/Vincent/Documents/OS_Dev/devkitPro/libnds/lib/libnds9.a(interrupts.o)
                              /Users/Vincent/Documents/OS_Dev/devkitPro/libnds/lib/libnds9.a(fifosystem.o) (irqSet)
/Users/Vincent/Documents/OS_Dev/devkitPro/libnds/lib/libnds9.a(libnds_exit.arm.o)
                              /Users/Vincent/Documents/OS_Dev/devkitPro/devkitARM/bin/../lib/gcc/arm-none-eabi/4.8.2/../../../../arm-none-eabi/lib/thumb/ds_arm9_crt0.o (__libnds_exit)
/Users/Vincent/Documents/OS_Dev/devkitPro/libnds/lib/libnds9.a(timers.o)
                              ndsbasic.o (timerStart)
/Users/Vincent/Documents/OS_Dev/devkitPro/libnds/lib/libnds9.a(mpu_setup.o)
                              /Users/Vincent/Documents/OS_Dev/devkitPro/devkitARM/bin/../lib/gcc/arm-none-eabi/4.8.2/../../../../arm-none-eabi/lib/thumb/ds_arm9_crt0.o (__libnds_mpu_setup)
/Users/Vincent/Documents/OS_Dev/devkitPro/libnds/lib/libnds9.a(biosCalls.o)
                              /Users/Vincent/Documents/OS_Dev/devkitPro/libnds/lib/libnds9.a(fifosystem.o) (swiIntrWait)
/Users/Vincent/Documents/OS_Dev/devkitPro/libnds/lib/libnds9.a(debugprint.o)
                              /Users/Vincent/Documents/OS_Dev/devkitPro/libnds/lib/libnds9.a(console.o) (nocashWrite)
/Users/Vincent/Documents/OS_Dev/devkitPro/libnds/lib/libnds9.a(interruptDispatcher.o)
                              /Users/Vincent/Documents/OS_Dev/devkitPro/libnds/lib/libnds9.a(interrupts.o) (IntrMain)
/Users/Vincent/Documents/OS_Dev/devkitPro/libnds/lib/libnds9.a(swiSoftReset.o)
                              /Users/Vincent/Documents/OS_Dev/devkitPro/libnds/lib/libnds9.a(fifosystem.o) (swiSoftReset)
/Users/Vincent/Documents/OS_Dev/devkitPro/libnds/lib/libnds9.a(default_font.bin.o)
                              /Users/Vincent/Documents/OS_Dev/devkitPro/libnds/lib/libnds9.a(console.o) (default_font_bin)
/Users/Vincent/Documents/OS_Dev/devkitPro/libnds/lib/libnds9.a(keyboardGfx.o)
                              /Users/Vincent/Documents/OS_Dev/devkitPro/libnds/lib/libnds9.a(keyboard.o) (keyboardGfxTiles)
/Users/Vincent/Documents/OS_Dev/devkitPro/libnds/lib/libnds9.a(decompress.o)
                              /Users/Vincent/Documents/OS_Dev/devkitPro/libnds/lib/libnds9.a(keyboard.o) (decompress)
/Users/Vincent/Documents/OS_Dev/devkitPro/libnds/lib/libnds9.a(system.o)
                              /Users/Vincent/Documents/OS_Dev/devkitPro/libnds/lib/libnds9.a(initSystem.o) (systemMsgHandler)
/Users/Vincent/Documents/OS_Dev/devkitPro/libnds/lib/libnds9.a(video.o)
                              /Users/Vincent/Documents/OS_Dev/devkitPro/libnds/lib/libnds9.a(initSystem.o) (vramDefault)
/Users/Vincent/Documents/OS_Dev/devkitPro/libnds/lib/libnds9.a(syscalls.o)
                              /Users/Vincent/Documents/OS_Dev/devkitPro/libnds/lib/libnds9.a(decompress.o) (swiDecompressLZSSVram)
/Users/Vincent/Documents/OS_Dev/devkitPro/libnds/lib/libspi.a(spi_driver.o)
                              ndsbasic.o (init_cardSPI)
/Users/Vincent/Documents/OS_Dev/devkitPro/devkitARM/bin/../lib/gcc/arm-none-eabi/4.8.2/thumb/libgcc.a(_divsi3.o)
                              BAS-INT.o (__aeabi_idiv)
/Users/Vincent/Documents/OS_Dev/devkitPro/devkitARM/bin/../lib/gcc/arm-none-eabi/4.8.2/thumb/libgcc.a(_dvmd_tls.o)
                              /Users/Vincent/Documents/OS_Dev/devkitPro/devkitARM/bin/../lib/gcc/arm-none-eabi/4.8.2/thumb/libgcc.a(_divsi3.o) (__aeabi_idiv0)
[...]
Memory Configuration

Name             Origin             Length             Attributes
rom              0x08000000         0x02000000
ewram            0x02000000         0x003ff000
dtcm             0x0b000000         0x00004000
vectors          0x01000000         0x00000100
itcm             0x01000100         0x00007f00
*default*        0x00000000         0xffffffff

Linker script and memory map

                0x01000000                __vectors_start = ORIGIN (vectors)
                0x01000100                __itcm_start = ORIGIN (itcm)
                0x023ff000                __ewram_end = (ORIGIN (ewram) + 0x3ff000)
                0x023ff000                __eheap_end = (ORIGIN (ewram) + 0x3ff000)
                0x0b000000                __dtcm_start = ORIGIN (dtcm)
                0x0b004000                __dtcm_top = (ORIGIN (dtcm) + 0x4000)
                0x0b003ff8                __irq_flags = (__dtcm_top - 0x8)
                0x0b003ffc                __irq_vector = (__dtcm_top - 0x4)
                0x0b003f00                __sp_svc = (__dtcm_top - 0x100)
                0x0b003e00                __sp_irq = (__sp_svc - 0x100)
                0x0b003d00                __sp_usr = (__sp_irq - 0x100)

.init           0x02000000      0x23c
                0x02000000                __text_start = .
 *(.init)
 .init          0x02000000      0x230 /Users/Vincent/Documents/OS_Dev/devkitPro/devkitARM/bin/../lib/gcc/arm-none-eabi/4.8.2/../../../../arm-none-eabi/lib/thumb/ds_arm9_crt0.o
                0x02000000                _start
 .init          0x02000230        0x4 /Users/Vincent/Documents/OS_Dev/devkitPro/devkitARM/bin/../lib/gcc/arm-none-eabi/4.8.2/thumb/crti.o
                0x02000230                _init
 .init          0x02000234        0x8 /Users/Vincent/Documents/OS_Dev/devkitPro/devkitARM/bin/../lib/gcc/arm-none-eabi/4.8.2/thumb/crtn.o
                0x0200023c                . = ALIGN (0x4)

.plt
 *(.plt)

.text           0x02000240    0x12fd0
 *(EXCLUDE_FILE(*.itcm*) .text)
 .text          0x02000240        0x0 /Users/Vincent/Documents/OS_Dev/devkitPro/devkitARM/bin/../lib/gcc/arm-none-eabi/4.8.2/../../../../arm-none-eabi/lib/thumb/ds_arm9_crt0.o
 .text          0x02000240        0x0 /Users/Vincent/Documents/OS_Dev/devkitPro/devkitARM/bin/../lib/gcc/arm-none-eabi/4.8.2/thumb/crti.o
 .text          0x02000240       0xd0 /Users/Vincent/Documents/OS_Dev/devkitPro/devkitARM/bin/../lib/gcc/arm-none-eabi/4.8.2/thumb/crtbegin.o
 .text          0x02000310     0x11b8 BAS-INT.o
                0x02000310                load_program
                0x0200038c                find_eol
                0x020003c0                get_next_label
                0x020003f8                find_label
                0x02000428                label_init
                0x02000444                serror
                0x02000460                fpush
                0x02000498                fpop
                0x020004c8                next
                0x02000500                gpush
                0x02000524                gpop
                0x02000548                greturn
                0x02000558                putback
                0x02000584                look_up
                0x020005f8                isdelim
                0x02000624                get_token
                0x020007c0                scan_labels
                0x0200087c                exec_goto
                0x020008a0                input
                0x02000910                gosub
                0x0200093c                iswhite
                0x02000950                arith
                0x020009cc                unary
                0x020009dc                find_var
                0x02000a1c                primitive
                0x02000a58                level6
                0x02000a98                level5
                0x02000adc                level4
                0x02000b0c                level3
                0x02000b44                level2
                0x02000b78                get_exp
                0x02000bbc                assignment
                0x02000c18                print
                0x02000d1c                exec_if
                0x02000d9c                exec_for
                0x02000e40                exec_cls
                0x02000e48                exec_delay
                0x02000e5c                exec_send
                0x02000fd0                exec_recv
                0x0200100c                exec_pset
                0x02001058                exec_line
                0x0200117c                exec_circle
                0x020011d8                exec_dwrite
                0x0200120c                exec_awrite
                0x02001240                exec_dread
                0x02001298                exec_aread
                0x020012f0                basic_main
                0x020014c0                exec_clear
 .text          0x020014c8      0xf08 ndsbasic.o
                0x020014c8                is_command
                0x0200152c                save_file
                0x020015ec                open_file
                0x02001704                echo_char
                0x02001718                get_input_number
                0x02001768                do_cls
                0x02001770                do_delay
                0x020017e0                _send
                0x02001828                do_send
                0x02001858                do_recv
                0x020018a4                do_pset
                0x020018c8                set_pixel
                0x020018ec                set_pixel_v
                0x02001918                Cohen_ClipLine
                0x02001ed0                do_line
                0x02002010                do_circle
                0x020022f8                do_dwrite
                0x02002320                do_awrite
                0x02002344                do_dread
                0x02002378                do_aread
                0x020023b4                do_clear
 .text          0x020023d0      0x334 /Users/Vincent/Documents/OS_Dev/devkitPro/libnds/lib/libnds9.a(background.o)
                0x020023d0                bgIsText
                0x020023dc                checkIfText
                0x02002434                bgUpdate
                0x02002538                bgInit_call
                0x02002618                bgInitSub_call
 .text          0x02002704      0xa28 /Users/Vincent/Documents/OS_Dev/devkitPro/libnds/lib/libnds9.a(console.o)
                0x020027b0                nocash_write
                0x020027c0                consoleGetDefault
                0x020027cc                consoleSelect
                0x020027dc                consoleDebugInit
                0x02002830                consolePrintChar
                0x020029fc                consoleLoadFont
                0x02002c8c                consoleSetFont
                0x02002cac                consoleInit
                0x02002e14                consoleDemoInit
                0x02002e58                con_write
                0x020030f8                consoleClear
                0x02003108                consoleSetWindow
 .text          0x0200312c      0x78c /Users/Vincent/Documents/OS_Dev/devkitPro/libnds/lib/libnds9.a(keyboard.o)
                0x0200312c                keyboardGetKey
                0x0200317c                keyboardShiftState
                0x0200320c                swapKeyGfx
                0x02003354                keyboardUpdate
                0x02003460                keyboardGetDefault
                0x0200346c                keyboardInit
                0x02003644                keyboardDemoInit
                0x02003670                keyboardShow
                0x02003744                keyboardHide
                0x020037cc                keyboardRead
                0x02003860                keyboardGetChar
                0x02003890                keyboardGetString
 .text          0x020038b8      0x104 /Users/Vincent/Documents/OS_Dev/devkitPro/libnds/lib/libnds9.a(keys.o)
                0x020038b8                scanKeys
                0x0200392c                keysHeld
                0x02003938                keysDown
                0x02003948                keysDownRepeat
                0x02003958                keysSetRepeat
                0x02003970                keysUp
                0x02003980                keysCurrent
 .text          0x020039bc       0x4c /Users/Vincent/Documents/OS_Dev/devkitPro/libnds/lib/libnds9.a(touch.o)
                0x020039bc                touchRead
                0x020039e4                touchReadXY
 .text          0x02003a08      0x240 /Users/Vincent/Documents/OS_Dev/devkitPro/libnds/lib/libnds9.a(trig.o)
                0x02003a08                asinComp
                0x02003a30                sinLutLookup
                0x02003a68                sinLerp
                0x02003aa0                cosLerp
                0x02003ab4                tanLutLookup
                0x02003aec                tanLerp
                0x02003b90                asinLerp
                0x02003c0c                acosLerp
                0x02003c20                atanComp
 .text          0x02003c48      0x140 /Users/Vincent/Documents/OS_Dev/devkitPro/libnds/lib/libnds9.a(initSystem.o)
                0x02003c48                initSystem
 .text          0x02003d88      0xce0 /Users/Vincent/Documents/OS_Dev/devkitPro/libnds/lib/libnds9.a(fifosystem.o)
                0x02004000                fifoSendAddress
                0x0200402c                fifoSendValue32
                0x02004068                fifoSendDatamsg
                0x020040d8                fifoGetAddress
                0x0200414c                fifoSetAddressHandler
                0x020041c8                fifoGetValue32
                0x0200423c                fifoSetValue32Handler
                0x020042b8                fifoGetDatamsg
                0x0200475c                fifoSetDatamsgHandler
                0x02004800                fifoCheckAddress
                0x02004828                fifoCheckDatamsg
                0x02004850                fifoCheckDatamsgLength
                0x02004888                fifoCheckValue32
                0x020048b0                fifoInit
 .text          0x02004a68      0x1ec /Users/Vincent/Documents/OS_Dev/devkitPro/libnds/lib/libnds9.a(interrupts.o)
                0x02004a68                irqDummy
                0x02004a6c                irqSet
                0x02004ad8                irqInit
                0x02004b24                irqInitHandler
                0x02004b54                irqEnable
                0x02004bb8                irqDisable
                0x02004c1c                irqClear
 .text          0x02004c54       0x58 /Users/Vincent/Documents/OS_Dev/devkitPro/libnds/lib/libnds9.a(libnds_exit.arm.o)
                0x02004c54                systemErrorExit
                0x02004c58                __libnds_exit
 .text          0x02004cac      0x19c /Users/Vincent/Documents/OS_Dev/devkitPro/libnds/lib/libnds9.a(timers.o)
                0x02004cac                timerStart
                0x02004cf0                timerElapsed
                0x02004d1c                timerPause
                0x02004d58                timerStop
                0x02004d90                cpuStartTiming
                0x02004dcc                cpuGetTiming
                0x02004e04                cpuEndTiming
 .text          0x02004e48      0x1b4 /Users/Vincent/Documents/OS_Dev/devkitPro/libnds/lib/libnds9.a(mpu_setup.o)
                0x02004e48                __libnds_mpu_setup
                0x02004f88                memCached
                0x02004fa0                memUncached
 *fill*         0x02004ffc        0x4 ff
 .text          0x02005000       0x70 /Users/Vincent/Documents/OS_Dev/devkitPro/libnds/lib/libnds9.a(biosCalls.o)
                0x02005000                swiDelay
                0x02005004                swiIntrWait
                0x02005008                swiWaitForVBlank
                0x0200500c                swiSleep
                0x02005010                swiChangeSoundBias
                0x02005014                swiDivide
                0x02005018                swiRemainder
                0x0200501e                swiDivMod
                0x0200502a                swiCopy
                0x0200502e                swiFastCopy
                0x02005032                swiSqrt
                0x02005036                swiCRC16
                0x0200503a                swiIsDebugger
                0x0200503e                swiUnpackBits
                0x02005042                swiDecompressLZSSWram
                0x02005046                swiDecompressLZSSVramNTR
                0x0200504a                swiDecompressLZSSVramTWL
                0x0200504e                swiDecompressHuffman
                0x02005052                swiDecompressRLEWram
                0x02005056                swiDecompressRLEVram
                0x0200505a                swiWaitForIRQ
                0x0200505e                swiDecodeDelta8
                0x02005062                swiDecodeDelta16
                0x02005066                swiSetHaltCR
 .text          0x02005070       0xa4 /Users/Vincent/Documents/OS_Dev/devkitPro/libnds/lib/libnds9.a(debugprint.o)
                0x02005070                nocashWrite
                0x02005072                nocashMessage
 .text          0x02005114        0x0 /Users/Vincent/Documents/OS_Dev/devkitPro/libnds/lib/libnds9.a(interruptDispatcher.o)
 *fill*         0x02005114        0xc ff
 .text          0x02005120       0x30 /Users/Vincent/Documents/OS_Dev/devkitPro/libnds/lib/libnds9.a(swiSoftReset.o)
                0x02005120                swiSoftReset
 .text          0x02005150        0x0 /Users/Vincent/Documents/OS_Dev/devkitPro/libnds/lib/libnds9.a(default_font.bin.o)
 .text          0x02005150        0x0 /Users/Vincent/Documents/OS_Dev/devkitPro/libnds/lib/libnds9.a(keyboardGfx.o)
 .text          0x02005150       0x84 /Users/Vincent/Documents/OS_Dev/devkitPro/libnds/lib/libnds9.a(decompress.o)
                0x02005150                getHeader
                0x02005154                readByte
                0x02005158                decompress
                0x02005198                decompressStream
 .text          0x020051d4      0x128 /Users/Vincent/Documents/OS_Dev/devkitPro/libnds/lib/libnds9.a(system.o)
                0x020051d4                setSDcallback
                0x020051e0                systemMsgHandler
                0x02005224                systemSleep
                0x0200523c                systemValueHandler
                0x02005278                powerOn
                0x020052a4                powerOff
                0x020052cc                ledBlink
                0x020052dc                getBatteryLevel
 .text          0x020052fc      0x1f8 /Users/Vincent/Documents/OS_Dev/devkitPro/libnds/lib/libnds9.a(video.o)
                0x020052fc                vramSetPrimaryBanks
                0x02005340                vramSetMainBanks
                0x02005384                vramSetBanks_EFG
                0x020053bc                vramRestorePrimaryBanks
                0x020053c8                vramRestoreMainBanks
                0x020053d4                vramRestoreBanks_EFG
                0x020053e0                setBrightness
                0x02005420                vramDefault
 .text          0x020054f4       0x1c /Users/Vincent/Documents/OS_Dev/devkitPro/libnds/lib/libnds9.a(syscalls.o)
                0x020054f4                swiDecompressLZSSVram
 .text          0x02005510       0xec /Users/Vincent/Documents/OS_Dev/devkitPro/libnds/lib/libspi.a(spi_driver.o)
                0x02005510                init_cardSPI
                0x02005528                read_cardSPI
                0x0200554c                readBlocking_cardSPI
                0x0200556c                write_cardSPI
                0x020055ac                writeBlocking_cardSPI
                0x020055c0                setupConsecutive_cardSPI
                0x020055cc                config_cardSPI
                0x020055f0                disable_cardSPI
 .text          0x020055fc      0x150 /Users/Vincent/Documents/OS_Dev/devkitPro/devkitARM/bin/../lib/gcc/arm-none-eabi/4.8.2/thumb/libgcc.a(_divsi3.o)
                0x020055fc                __aeabi_idiv
                0x020055fc                __divsi3
                0x0200572c                __aeabi_idivmod
 .text          0x0200574c        0x4 /Users/Vincent/Documents/OS_Dev/devkitPro/devkitARM/bin/../lib/gcc/arm-none-eabi/4.8.2/thumb/libgcc.a(_dvmd_tls.o)
                0x0200574c                __aeabi_ldiv0
                0x0200574c                __aeabi_idiv0
 .text          0x02005750      0x41c /Users/Vincent/Documents/OS_Dev/devkitPro/devkitARM/bin/../lib/gcc/arm-none-eabi/4.8.2/thumb/libgcc.a(_arm_addsubdf3.o)
                0x02005750                __aeabi_drsub
                0x02005758                __subdf3
                0x02005758                __aeabi_dsub
                0x0200575c                __aeabi_dadd
                0x0200575c                __adddf3
                0x02005a6c                __aeabi_ui2d
                0x02005a6c                __floatunsidf
                0x02005a90                __floatsidf
                0x02005a90                __aeabi_i2d
                0x02005ab8                __extendsfdf2
                0x02005ab8                __aeabi_f2d
                0x02005af8                __aeabi_ul2d
                0x02005af8                __floatundidf
                0x02005b0c                __aeabi_l2d
                0x02005b0c                __floatdidf
 .text          0x02005b6c      0x49c /Users/Vincent/Documents/OS_Dev/devkitPro/devkitARM/bin/../lib/gcc/arm-none-eabi/4.8.2/thumb/libgcc.a(_arm_muldivdf3.o)
                0x02005b6c                __aeabi_dmul
                0x02005b6c                __muldf3
                0x02005dfc                __aeabi_ddiv
                0x02005dfc                __divdf3
 .text          0x02006008       0x5c /Users/Vincent/Documents/OS_Dev/devkitPro/devkitARM/bin/../lib/gcc/arm-none-eabi/4.8.2/thumb/libgcc.a(_arm_fixdfsi.o)
                0x02006008                __fixdfsi
                0x02006008                __aeabi_d2iz
 .text          0x02006064       0x54 /Users/Vincent/Documents/OS_Dev/devkitPro/devkitARM/bin/../lib/gcc/arm-none-eabi/4.8.2/thumb/libgcc.a(_arm_fixunsdfsi.o)
                0x02006064                __fixunsdfsi
                0x02006064                __aeabi_d2uiz
 .text          0x020060b8       0x20 /Users/Vincent/Documents/OS_Dev/devkitPro/devkitARM/bin/../lib/gcc/arm-none-eabi/4.8.2/../../../../arm-none-eabi/lib/thumb/libg.a(lib_a-atoi.o)
                0x020060b8                atoi
                0x020060c8                _atoi_r
 .text          0x020060d8       0x64 /Users/Vincent/Documents/OS_Dev/devkitPro/devkitARM/bin/../lib/gcc/arm-none-eabi/4.8.2/../../../../arm-none-eabi/lib/thumb/libg.a(lib_a-bsearch.o)
                0x020060d8                bsearch
 .text          0x0200613c       0x10 /Users/Vincent/Documents/OS_Dev/devkitPro/devkitARM/bin/../lib/gcc/arm-none-eabi/4.8.2/../../../../arm-none-eabi/lib/thumb/libg.a(lib_a-ctype_.o)
                0x0200613c                __set_ctype
 .text          0x0200614c       0xb0 /Users/Vincent/Documents/OS_Dev/devkitPro/devkitARM/bin/../lib/gcc/arm-none-eabi/4.8.2/../../../../arm-none-eabi/lib/thumb/libg.a(lib_a-fclose.o)
                0x0200614c                _fclose_r
                0x020061e0                fclose
 .text          0x020061fc      0x1bc /Users/Vincent/Documents/OS_Dev/devkitPro/devkitARM/bin/../lib/gcc/arm-none-eabi/4.8.2/../../../../arm-none-eabi/lib/thumb/libg.a(lib_a-fflush.o)
                0x020061fc                __sflush_r
                0x02006358                _fflush_r
                0x02006388                fflush
 .text          0x020063b8      0x248 /Users/Vincent/Documents/OS_Dev/devkitPro/devkitARM/bin/../lib/gcc/arm-none-eabi/4.8.2/../../../../arm-none-eabi/lib/thumb/libg.a(lib_a-findfp.o)
                0x020063c0                _cleanup_r
                0x020063d4                __sfmoreglue
                0x02006408                _cleanup
                0x02006424                __sinit
                0x02006524                __sfp
                0x020065b8                __sfp_lock_acquire
                0x020065bc                __sfp_lock_release
                0x020065c0                __sinit_lock_acquire
                0x020065c4                __sinit_lock_release
                0x020065c8                __fp_lock_all
                0x020065e4                __fp_unlock_all
 .text          0x02006600       0xa8 /Users/Vincent/Documents/OS_Dev/devkitPro/devkitARM/bin/../lib/gcc/arm-none-eabi/4.8.2/../../../../arm-none-eabi/lib/thumb/libg.a(lib_a-fopen.o)
                0x02006600                _fopen_r
                0x0200668c                fopen
 .text          0x020066a8       0x3c /Users/Vincent/Documents/OS_Dev/devkitPro/devkitARM/bin/../lib/gcc/arm-none-eabi/4.8.2/../../../../arm-none-eabi/lib/thumb/libg.a(lib_a-fprintf.o)
                0x020066a8                _fprintf_r
                0x020066c0                fprintf
 .text          0x020066e4      0x238 /Users/Vincent/Documents/OS_Dev/devkitPro/devkitARM/bin/../lib/gcc/arm-none-eabi/4.8.2/../../../../arm-none-eabi/lib/thumb/libg.a(lib_a-freer.o)
                0x020066e4                _malloc_trim_r
                0x02006788                _free_r
 .text          0x0200691c       0x2c /Users/Vincent/Documents/OS_Dev/devkitPro/devkitARM/bin/../lib/gcc/arm-none-eabi/4.8.2/../../../../arm-none-eabi/lib/thumb/libg.a(lib_a-fseek.o)
                0x0200691c                _fseek_r
                0x02006928                fseek
 .text          0x02006948      0x34c /Users/Vincent/Documents/OS_Dev/devkitPro/devkitARM/bin/../lib/gcc/arm-none-eabi/4.8.2/../../../../arm-none-eabi/lib/thumb/libg.a(lib_a-fseeko.o)
                0x02006948                _fseeko_r
                0x02006c70                fseeko
 .text          0x02006c94       0xa4 /Users/Vincent/Documents/OS_Dev/devkitPro/devkitARM/bin/../lib/gcc/arm-none-eabi/4.8.2/../../../../arm-none-eabi/lib/thumb/libg.a(lib_a-fwalk.o)
                0x02006c94                _fwalk
                0x02006ce0                _fwalk_reent
 .text          0x02006d38        0x0 /Users/Vincent/Documents/OS_Dev/devkitPro/devkitARM/bin/../lib/gcc/arm-none-eabi/4.8.2/../../../../arm-none-eabi/lib/thumb/libg.a(lib_a-impure.o)
 .text          0x02006d38       0x58 /Users/Vincent/Documents/OS_Dev/devkitPro/devkitARM/bin/../lib/gcc/arm-none-eabi/4.8.2/../../../../arm-none-eabi/lib/thumb/libg.a(lib_a-init.o)
                0x02006d38                __libc_init_array
 .text          0x02006d90       0x40 /Users/Vincent/Documents/OS_Dev/devkitPro/devkitARM/bin/../lib/gcc/arm-none-eabi/4.8.2/../../../../arm-none-eabi/lib/thumb/libg.a(lib_a-iprintf.o)
                0x02006d90                iprintf
                0x02006db4                _iprintf_r
 .text          0x02006dd0       0xe4 /Users/Vincent/Documents/OS_Dev/devkitPro/devkitARM/bin/../lib/gcc/arm-none-eabi/4.8.2/../../../../arm-none-eabi/lib/thumb/libg.a(lib_a-makebuf.o)
                0x02006dd0                __smakebuf_r
 .text          0x02006eb4       0x30 /Users/Vincent/Documents/OS_Dev/devkitPro/devkitARM/bin/../lib/gcc/arm-none-eabi/4.8.2/../../../../arm-none-eabi/lib/thumb/libg.a(lib_a-malloc.o)
                0x02006eb4                malloc
                0x02006ecc                free
 .text          0x02006ee4      0x510 /Users/Vincent/Documents/OS_Dev/devkitPro/devkitARM/bin/../lib/gcc/arm-none-eabi/4.8.2/../../../../arm-none-eabi/lib/thumb/libg.a(lib_a-mallocr.o)
                0x02006ee4                _malloc_r
 .text          0x020073f4       0x88 /Users/Vincent/Documents/OS_Dev/devkitPro/devkitARM/bin/../lib/gcc/arm-none-eabi/4.8.2/../../../../arm-none-eabi/lib/thumb/libg.a(lib_a-memcpy-stub.o)
                0x020073f4                memcpy
 .text          0x0200747c       0xa4 /Users/Vincent/Documents/OS_Dev/devkitPro/devkitARM/bin/../lib/gcc/arm-none-eabi/4.8.2/../../../../arm-none-eabi/lib/thumb/libg.a(lib_a-memset.o)
                0x0200747c                memset
 .text          0x02007520        0x8 /Users/Vincent/Documents/OS_Dev/devkitPro/devkitARM/bin/../lib/gcc/arm-none-eabi/4.8.2/../../../../arm-none-eabi/lib/thumb/libg.a(lib_a-mlock.o)
                0x02007520                __malloc_lock
                0x02007524                __malloc_unlock
 .text          0x02007528       0x40 /Users/Vincent/Documents/OS_Dev/devkitPro/devkitARM/bin/../lib/gcc/arm-none-eabi/4.8.2/../../../../arm-none-eabi/lib/thumb/libg.a(lib_a-printf.o)
                0x02007528                _printf_r
                0x02007544                printf
 .text          0x02007568       0x28 /Users/Vincent/Documents/OS_Dev/devkitPro/devkitARM/bin/../lib/gcc/arm-none-eabi/4.8.2/../../../../arm-none-eabi/lib/thumb/libg.a(lib_a-putchar.o)
                0x02007568                _putchar_r
                0x02007578                putchar
 .text          0x02007590       0x78 /Users/Vincent/Documents/OS_Dev/devkitPro/devkitARM/bin/../lib/gcc/arm-none-eabi/4.8.2/../../../../arm-none-eabi/lib/thumb/libg.a(lib_a-puts.o)
                0x02007590                _puts_r
                0x020075f0                puts
 .text          0x02007608      0x148 /Users/Vincent/Documents/OS_Dev/devkitPro/devkitARM/bin/../lib/gcc/arm-none-eabi/4.8.2/../../../../arm-none-eabi/lib/thumb/libg.a(lib_a-refill.o)
                0x02007628                __srefill_r
 .text          0x02007750       0x54 /Users/Vincent/Documents/OS_Dev/devkitPro/devkitARM/bin/../lib/gcc/arm-none-eabi/4.8.2/../../../../arm-none-eabi/lib/thumb/libg.a(lib_a-rget.o)
                0x02007750                __srget_r
                0x0200778c                __srget
 .text          0x020077a4       0x34 /Users/Vincent/Documents/OS_Dev/devkitPro/devkitARM/bin/../lib/gcc/arm-none-eabi/4.8.2/../../../../arm-none-eabi/lib/thumb/libg.a(lib_a-setjmp.o)
                0x020077a4                setjmp
                0x020077bc                longjmp
 .text          0x020077d8      0x110 /Users/Vincent/Documents/OS_Dev/devkitPro/devkitARM/bin/../lib/gcc/arm-none-eabi/4.8.2/../../../../arm-none-eabi/lib/thumb/libg.a(lib_a-setvbuf.o)
                0x020077d8                setvbuf
 .text          0x020078e8       0xa0 /Users/Vincent/Documents/OS_Dev/devkitPro/devkitARM/bin/../lib/gcc/arm-none-eabi/4.8.2/../../../../arm-none-eabi/lib/thumb/libg.a(lib_a-siscanf.o)
                0x020078e8                siscanf
                0x02007938                _siscanf_r
 .text          0x02007988       0x84 /Users/Vincent/Documents/OS_Dev/devkitPro/devkitARM/bin/../lib/gcc/arm-none-eabi/4.8.2/../../../../arm-none-eabi/lib/thumb/libg.a(lib_a-sprintf.o)
                0x02007988                _sprintf_r
                0x020079c8                sprintf
 .text          0x02007a0c       0xac /Users/Vincent/Documents/OS_Dev/devkitPro/devkitARM/bin/../lib/gcc/arm-none-eabi/4.8.2/../../../../arm-none-eabi/lib/thumb/libg.a(lib_a-stdio.o)
                0x02007a0c                __sread
                0x02007a38                __seofread
                0x02007a3c                __swrite
                0x02007a78                __sseek
                0x02007aa8                __sclose
 .text          0x02007ab8       0x4c /Users/Vincent/Documents/OS_Dev/devkitPro/devkitARM/bin/../lib/gcc/arm-none-eabi/4.8.2/../../../../arm-none-eabi/lib/thumb/libg.a(lib_a-stpcpy.o)
                0x02007ab8                stpcpy
 .text          0x02007b04       0x54 /Users/Vincent/Documents/OS_Dev/devkitPro/devkitARM/bin/../lib/gcc/arm-none-eabi/4.8.2/../../../../arm-none-eabi/lib/thumb/libg.a(lib_a-strcat.o)
                0x02007b04                strcat
 .text          0x02007b58       0xdc /Users/Vincent/Documents/OS_Dev/devkitPro/devkitARM/bin/../lib/gcc/arm-none-eabi/4.8.2/../../../../arm-none-eabi/lib/thumb/libg.a(lib_a-strchr.o)
                0x02007b58                strchr
 .text          0x02007c34       0x14 /Users/Vincent/Documents/OS_Dev/devkitPro/devkitARM/bin/../lib/gcc/arm-none-eabi/4.8.2/../../../../arm-none-eabi/lib/thumb/libg.a(lib_a-strcmp.o)
                0x02007c34                strcmp
 .text          0x02007c48       0x10 /Users/Vincent/Documents/OS_Dev/devkitPro/devkitARM/bin/../lib/gcc/arm-none-eabi/4.8.2/../../../../arm-none-eabi/lib/thumb/libg.a(lib_a-strcpy.o)
                0x02007c48                strcpy
 .text          0x02007c58       0x10 /Users/Vincent/Documents/OS_Dev/devkitPro/devkitARM/bin/../lib/gcc/arm-none-eabi/4.8.2/../../../../arm-none-eabi/lib/thumb/libg.a(lib_a-strlen.o)
                0x02007c58                strlen
 .text          0x02007c68       0xbc /Users/Vincent/Documents/OS_Dev/devkitPro/devkitARM/bin/../lib/gcc/arm-none-eabi/4.8.2/../../../../arm-none-eabi/lib/thumb/libg.a(lib_a-strncmp.o)
                0x02007c68                strncmp
 .text          0x02007d24      0x190 /Users/Vincent/Documents/OS_Dev/devkitPro/devkitARM/bin/../lib/gcc/arm-none-eabi/4.8.2/../../../../arm-none-eabi/lib/thumb/libg.a(lib_a-strtol.o)
                0x02007d24                _strtol_r
                0x02007e94                strtol
 .text          0x02007eb4      0xadc /Users/Vincent/Documents/OS_Dev/devkitPro/devkitARM/bin/../lib/gcc/arm-none-eabi/4.8.2/../../../../arm-none-eabi/lib/thumb/libg.a(lib_a-svfiscanf.o)
                0x02007eb4                _sungetc_r
                0x02007f3c                __ssrefill_r
                0x02007f80                _sfread_r
                0x02008008                __ssvfiscanf_r
 .text          0x02008990     0x17a8 /Users/Vincent/Documents/OS_Dev/devkitPro/devkitARM/bin/../lib/gcc/arm-none-eabi/4.8.2/../../../../arm-none-eabi/lib/thumb/libg.a(lib_a-svfprintf.o)
                0x02008990                _svfprintf_r
 .text          0x0200a138      0x184 /Users/Vincent/Documents/OS_Dev/devkitPro/devkitARM/bin/../lib/gcc/arm-none-eabi/4.8.2/../../../../arm-none-eabi/lib/thumb/libg.a(lib_a-ungetc.o)
                0x0200a138                __submore
                0x0200a1c0                _ungetc_r
                0x0200a2a0                ungetc
 .text          0x0200a2bc      0xe60 /Users/Vincent/Documents/OS_Dev/devkitPro/devkitARM/bin/../lib/gcc/arm-none-eabi/4.8.2/../../../../arm-none-eabi/lib/thumb/libg.a(lib_a-vfiprintf.o)
                0x0200a33c                __sprint_r
                0x0200a354                _vfiprintf_r
                0x0200b080                vfiprintf
 *fill*         0x0200b11c        0x4 ff
 .text          0x0200b120     0x1930 /Users/Vincent/Documents/OS_Dev/devkitPro/devkitARM/bin/../lib/gcc/arm-none-eabi/4.8.2/../../../../arm-none-eabi/lib/thumb/libg.a(lib_a-vfprintf.o)
                0x0200b120                _vfprintf_r
                0x0200c9b0                vfprintf
 .text          0x0200ca50       0xdc /Users/Vincent/Documents/OS_Dev/devkitPro/devkitARM/bin/../lib/gcc/arm-none-eabi/4.8.2/../../../../arm-none-eabi/lib/thumb/libg.a(lib_a-wcrtomb.o)
                0x0200ca50                _wcrtomb_r
                0x0200cab8                wcrtomb
 .text          0x0200cb2c       0x40 /Users/Vincent/Documents/OS_Dev/devkitPro/devkitARM/bin/../lib/gcc/arm-none-eabi/4.8.2/../../../../arm-none-eabi/lib/thumb/libg.a(lib_a-wcsrtombs.o)
                0x0200cb2c                _wcsrtombs_r
                0x0200cb44                wcsrtombs
 .text          0x0200cb6c      0x28c /Users/Vincent/Documents/OS_Dev/devkitPro/devkitARM/bin/../lib/gcc/arm-none-eabi/4.8.2/../../../../arm-none-eabi/lib/thumb/libg.a(lib_a-wctomb_r.o)
                0x0200cb6c                __utf8_wctomb
                0x0200cc2c                _wctomb_r
                0x0200cc64                __ascii_wctomb
                0x0200cc84                __sjis_wctomb
                0x0200ccf8                __eucjp_wctomb
                0x0200cd78                __jis_wctomb
 .text          0x0200cdf8       0xd0 /Users/Vincent/Documents/OS_Dev/devkitPro/devkitARM/bin/../lib/gcc/arm-none-eabi/4.8.2/../../../../arm-none-eabi/lib/thumb/libg.a(lib_a-wsetup.o)
                0x0200cdf8                __swsetup_r
 .text          0x0200cec8     0x1140 /Users/Vincent/Documents/OS_Dev/devkitPro/devkitARM/bin/../lib/gcc/arm-none-eabi/4.8.2/../../../../arm-none-eabi/lib/thumb/libg.a(lib_a-dtoa.o)
                0x0200d01c                _dtoa_r
 .text          0x0200e008       0xa4 /Users/Vincent/Documents/OS_Dev/devkitPro/devkitARM/bin/../lib/gcc/arm-none-eabi/4.8.2/../../../../arm-none-eabi/lib/thumb/libg.a(lib_a-flags.o)
                0x0200e008                __sflags
 .text          0x0200e0ac      0x104 /Users/Vincent/Documents/OS_Dev/devkitPro/devkitARM/bin/../lib/gcc/arm-none-eabi/4.8.2/../../../../arm-none-eabi/lib/thumb/libg.a(lib_a-fputwc.o)
                0x0200e0ac                _fputwc_r
                0x0200e180                fputwc
 .text          0x0200e1b0      0x330 /Users/Vincent/Documents/OS_Dev/devkitPro/devkitARM/bin/../lib/gcc/arm-none-eabi/4.8.2/../../../../arm-none-eabi/lib/thumb/libg.a(lib_a-fvwrite.o)
                0x0200e1b0                __sfvwrite_r
 .text          0x0200e4e0       0x78 /Users/Vincent/Documents/OS_Dev/devkitPro/devkitARM/bin/../lib/gcc/arm-none-eabi/4.8.2/../../../../arm-none-eabi/lib/thumb/libg.a(lib_a-iswspace.o)
                0x0200e4e0                iswspace
 .text          0x0200e558      0x1e8 /Users/Vincent/Documents/OS_Dev/devkitPro/devkitARM/bin/../lib/gcc/arm-none-eabi/4.8.2/../../../../arm-none-eabi/lib/thumb/libg.a(lib_a-jp2uc.o)
                0x0200e6dc                _jp2uc
 .text          0x0200e740      0x934 /Users/Vincent/Documents/OS_Dev/devkitPro/devkitARM/bin/../lib/gcc/arm-none-eabi/4.8.2/../../../../arm-none-eabi/lib/thumb/libg.a(lib_a-locale.o)
                0x0200ee00                _setlocale_r
                0x0200f014                __locale_charset
                0x0200f01c                __locale_mb_cur_max
                0x0200f028                __locale_msgcharset
                0x0200f034                __locale_cjk_lang
                0x0200f040                _localeconv_r
                0x0200f04c                setlocale
                0x0200f068                localeconv
 .text          0x0200f074       0xf8 /Users/Vincent/Documents/OS_Dev/devkitPro/devkitARM/bin/../lib/gcc/arm-none-eabi/4.8.2/../../../../arm-none-eabi/lib/thumb/libg.a(lib_a-mbrtowc.o)
                0x0200f074                _mbrtowc_r
                0x0200f0ec                mbrtowc
 .text          0x0200f16c      0x5bc /Users/Vincent/Documents/OS_Dev/devkitPro/devkitARM/bin/../lib/gcc/arm-none-eabi/4.8.2/../../../../arm-none-eabi/lib/thumb/libg.a(lib_a-mbtowc_r.o)
                0x0200f16c                __utf8_mbtowc
                0x0200f3d4                _mbtowc_r
                0x0200f410                __ascii_mbtowc
                0x0200f440                __sjis_mbtowc
                0x0200f4f8                __eucjp_mbtowc
                0x0200f5e0                __jis_mbtowc
 .text          0x0200f728       0x8c /Users/Vincent/Documents/OS_Dev/devkitPro/devkitARM/bin/../lib/gcc/arm-none-eabi/4.8.2/../../../../arm-none-eabi/lib/thumb/libg.a(lib_a-memchr-stub.o)
                0x0200f728                memchr
 .text          0x0200f7b4       0xa8 /Users/Vincent/Documents/OS_Dev/devkitPro/devkitARM/bin/../lib/gcc/arm-none-eabi/4.8.2/../../../../arm-none-eabi/lib/thumb/libg.a(lib_a-memmove.o)
                0x0200f7b4                memmove
 *fill*         0x0200f85c        0x4 ff
 .text          0x0200f860      0x968 /Users/Vincent/Documents/OS_Dev/devkitPro/devkitARM/bin/../lib/gcc/arm-none-eabi/4.8.2/../../../../arm-none-eabi/lib/thumb/libg.a(lib_a-mprec.o)
                0x0200f860                _Balloc
                0x0200f8b4                _Bfree
                0x0200f8cc                __multadd
                0x0200f978                __s2b
                0x0200fa14                __hi0bits
                0x0200fa54                __lo0bits
                0x0200fab4                __i2b
                0x0200facc                __multiply
                0x0200fc14                __pow5mult
                0x0200fcd0                __lshift
                0x0200fd94                __mcmp
                0x0200fdd0                __mdiff
                0x0200fec0                __ulp
                0x0200ff08                __b2d
                0x0200ffb8                __d2b
                0x02010078                __ratio
                0x020100ec                _mprec_log10
                0x0201012c                __copybits
                0x02010170                __any_on
 .text          0x020101c8       0xc8 /Users/Vincent/Documents/OS_Dev/devkitPro/devkitARM/bin/../lib/gcc/arm-none-eabi/4.8.2/../../../../arm-none-eabi/lib/thumb/libg.a(lib_a-putc.o)
                0x020101c8                _putc_r
                0x02010228                putc
 .text          0x02010290      0x36c /Users/Vincent/Documents/OS_Dev/devkitPro/devkitARM/bin/../lib/gcc/arm-none-eabi/4.8.2/../../../../arm-none-eabi/lib/thumb/libg.a(lib_a-reallocr.o)
                0x02010290                _realloc_r
 .text          0x020105fc       0x5c /Users/Vincent/Documents/OS_Dev/devkitPro/devkitARM/bin/../lib/gcc/arm-none-eabi/4.8.2/../../../../arm-none-eabi/lib/thumb/libg.a(lib_a-s_fpclassify.o)
                0x020105fc                __fpclassifyd
 .text          0x02010658       0x7c /Users/Vincent/Documents/OS_Dev/devkitPro/devkitARM/bin/../lib/gcc/arm-none-eabi/4.8.2/../../../../arm-none-eabi/lib/thumb/libg.a(lib_a-sccl.o)
                0x02010658                __sccl
 .text          0x020106d4       0x50 /Users/Vincent/Documents/OS_Dev/devkitPro/devkitARM/bin/../lib/gcc/arm-none-eabi/4.8.2/../../../../arm-none-eabi/lib/thumb/libg.a(lib_a-strcasecmp.o)
                0x020106d4                strcasecmp
 .text          0x02010724       0x50 /Users/Vincent/Documents/OS_Dev/devkitPro/devkitARM/bin/../lib/gcc/arm-none-eabi/4.8.2/../../../../arm-none-eabi/lib/thumb/libg.a(lib_a-strlcpy.o)
                0x02010724                strlcpy
 .text          0x02010774       0x60 /Users/Vincent/Documents/OS_Dev/devkitPro/devkitARM/bin/../lib/gcc/arm-none-eabi/4.8.2/../../../../arm-none-eabi/lib/thumb/libg.a(lib_a-strncasecmp.o)
                0x02010774                strncasecmp
 .text          0x020107d4       0x78 /Users/Vincent/Documents/OS_Dev/devkitPro/devkitARM/bin/../lib/gcc/arm-none-eabi/4.8.2/../../../../arm-none-eabi/lib/thumb/libg.a(lib_a-strncpy.o)
                0x020107d4                strncpy
 *fill*         0x0201084c        0x4 ff
 .text          0x02010850      0x228 /Users/Vincent/Documents/OS_Dev/devkitPro/devkitARM/bin/../lib/gcc/arm-none-eabi/4.8.2/../../../../arm-none-eabi/lib/thumb/libg.a(lib_a-strtoll_r.o)
                0x02010850                _strtoll_r
 .text          0x02010a78      0x1ac /Users/Vincent/Documents/OS_Dev/devkitPro/devkitARM/bin/../lib/gcc/arm-none-eabi/4.8.2/../../../../arm-none-eabi/lib/thumb/libg.a(lib_a-strtoul.o)
                0x02010a78                _strtoul_r
                0x02010c04                strtoul
 .text          0x02010c24      0x1fc /Users/Vincent/Documents/OS_Dev/devkitPro/devkitARM/bin/../lib/gcc/arm-none-eabi/4.8.2/../../../../arm-none-eabi/lib/thumb/libg.a(lib_a-strtoull_r.o)
                0x02010c24                _strtoull_r
 .text          0x02010e20      0xd98 /Users/Vincent/Documents/OS_Dev/devkitPro/devkitARM/bin/../lib/gcc/arm-none-eabi/4.8.2/../../../../arm-none-eabi/lib/thumb/libg.a(lib_a-svfiprintf.o)
                0x02010e20                __ssprint_r
                0x02010f50                _svfiprintf_r
 .text          0x02011bb8       0xd8 /Users/Vincent/Documents/OS_Dev/devkitPro/devkitARM/bin/../lib/gcc/arm-none-eabi/4.8.2/../../../../arm-none-eabi/lib/thumb/libg.a(lib_a-wbuf.o)
                0x02011bb8                __swbuf_r
                0x02011c74                __swbuf
 .text          0x02011c90      0x13c /Users/Vincent/Documents/OS_Dev/devkitPro/devkitARM/bin/../lib/gcc/arm-none-eabi/4.8.2/../../../../arm-none-eabi/lib/thumb/libg.a(lib_a-wcsnrtombs.o)
                0x02011c90                _wcsnrtombs_r
                0x02011d9c                wcsnrtombs
 .text          0x02011dcc       0x64 /Users/Vincent/Documents/OS_Dev/devkitPro/devkitARM/bin/../lib/gcc/arm-none-eabi/4.8.2/../../../../arm-none-eabi/lib/thumb/libg.a(lib_a-callocr.o)
                0x02011dcc                _calloc_r
 .text          0x02011e30       0xa8 /Users/Vincent/Documents/OS_Dev/devkitPro/devkitARM/bin/../lib/gcc/arm-none-eabi/4.8.2/../../../../arm-none-eabi/lib/thumb/libg.a(lib_a-getenv_r.o)
                0x02011e30                _findenv_r
                0x02011ec8                _getenv_r
 .text          0x02011ed8        0x0 /Users/Vincent/Documents/OS_Dev/devkitPro/devkitARM/bin/../lib/gcc/arm-none-eabi/4.8.2/../../../../arm-none-eabi/lib/thumb/libg.a(lib_a-environ.o)
 .text          0x02011ed8        0x8 /Users/Vincent/Documents/OS_Dev/devkitPro/devkitARM/bin/../lib/gcc/arm-none-eabi/4.8.2/../../../../arm-none-eabi/lib/thumb/libg.a(lib_a-envlock.o)
                0x02011ed8                __env_lock
                0x02011edc                __env_unlock
 .text          0x02011ee0      0x144 /Users/Vincent/Documents/OS_Dev/devkitPro/devkitARM/bin/../lib/gcc/arm-none-eabi/4.8.2/../../../../arm-none-eabi/lib/thumb/libsysbase.a(iosupport.o)
                0x02011ee0                setDefaultDevice
                0x02011ef4                FindDevice
                0x02011f64                RemoveDevice
                0x02011f88                AddDevice
                0x02012004                GetDeviceOpTab
 .text          0x02012024       0x50 /Users/Vincent/Documents/OS_Dev/devkitPro/devkitARM/bin/../lib/gcc/arm-none-eabi/4.8.2/../../../../arm-none-eabi/lib/thumb/libsysbase.a(close.o)
                0x02012024                _close_r
 .text          0x02012074       0x50 /Users/Vincent/Documents/OS_Dev/devkitPro/devkitARM/bin/../lib/gcc/arm-none-eabi/4.8.2/../../../../arm-none-eabi/lib/thumb/libsysbase.a(fstat.o)
                0x02012074                _fstat_r
 .text          0x020120c4        0x4 /Users/Vincent/Documents/OS_Dev/devkitPro/devkitARM/bin/../lib/gcc/arm-none-eabi/4.8.2/../../../../arm-none-eabi/lib/thumb/libsysbase.a(isatty.o)
                0x020120c4                _isatty_r
 .text          0x020120c8       0x50 /Users/Vincent/Documents/OS_Dev/devkitPro/devkitARM/bin/../lib/gcc/arm-none-eabi/4.8.2/../../../../arm-none-eabi/lib/thumb/libsysbase.a(lseek.o)
                0x020120c8                _lseek_r
 .text          0x02012118       0xa0 /Users/Vincent/Documents/OS_Dev/devkitPro/devkitARM/bin/../lib/gcc/arm-none-eabi/4.8.2/../../../../arm-none-eabi/lib/thumb/libsysbase.a(open.o)
                0x02012118                _open_r
 .text          0x020121b8       0x50 /Users/Vincent/Documents/OS_Dev/devkitPro/devkitARM/bin/../lib/gcc/arm-none-eabi/4.8.2/../../../../arm-none-eabi/lib/thumb/libsysbase.a(read.o)
                0x020121b8                _read_r
 .text          0x02012208       0x54 /Users/Vincent/Documents/OS_Dev/devkitPro/devkitARM/bin/../lib/gcc/arm-none-eabi/4.8.2/../../../../arm-none-eabi/lib/thumb/libsysbase.a(sbrk.o)
                0x02012208                _sbrk_r
 .text          0x0201225c       0x44 /Users/Vincent/Documents/OS_Dev/devkitPro/devkitARM/bin/../lib/gcc/arm-none-eabi/4.8.2/../../../../arm-none-eabi/lib/thumb/libsysbase.a(times.o)
                0x0201225c                _times
                0x02012270                _times_r
                0x02012278                _gettimeofday_r
 .text          0x020122a0       0x58 /Users/Vincent/Documents/OS_Dev/devkitPro/devkitARM/bin/../lib/gcc/arm-none-eabi/4.8.2/../../../../arm-none-eabi/lib/thumb/libsysbase.a(write.o)
                0x020122a0                _write_r
 .text          0x020122f8        0x0 /Users/Vincent/Documents/OS_Dev/devkitPro/devkitARM/bin/../lib/gcc/arm-none-eabi/4.8.2/../../../../arm-none-eabi/lib/thumb/libsysbase.a(malloc_vars.o)
 .text          0x020122f8       0x50 /Users/Vincent/Documents/OS_Dev/devkitPro/devkitARM/bin/../lib/gcc/arm-none-eabi/4.8.2/../../../../arm-none-eabi/lib/thumb/libsysbase.a(build_argv.o)
                0x020122f8                build_argv
 .text          0x02012348        0x0 /Users/Vincent/Documents/OS_Dev/devkitPro/devkitARM/bin/../lib/gcc/arm-none-eabi/4.8.2/../../../../arm-none-eabi/lib/thumb/libsysbase.a(syscall_support.o)
 .text          0x02012348       0x88 /Users/Vincent/Documents/OS_Dev/devkitPro/devkitARM/bin/../lib/gcc/arm-none-eabi/4.8.2/../../../../arm-none-eabi/lib/thumb/libsysbase.a(handle_manager.o)
                0x02012348                __release_handle
                0x02012374                __alloc_handle
                0x020123b0                __get_handle
 .text          0x020123d0      0x11c /Users/Vincent/Documents/OS_Dev/devkitPro/devkitARM/bin/../lib/gcc/arm-none-eabi/4.8.2/thumb/libgcc.a(_udivsi3.o)
                0x020123d0                __udivsi3
                0x020123d0                __aeabi_uidiv
                0x020124cc                __aeabi_uidivmod
 .text          0x020124ec      0x144 /Users/Vincent/Documents/OS_Dev/devkitPro/devkitARM/bin/../lib/gcc/arm-none-eabi/4.8.2/thumb/libgcc.a(_arm_cmpdf2.o)
                0x020124ec                __gtdf2
                0x020124ec                __gedf2
                0x020124f4                __ltdf2
                0x020124f4                __ledf2
                0x020124fc                __eqdf2
                0x020124fc                __nedf2
                0x020124fc                __cmpdf2
                0x02012584                __aeabi_cdrcmple
                0x020125a0                __aeabi_cdcmple
                0x020125a0                __aeabi_cdcmpeq
                0x020125b8                __aeabi_dcmpeq
                0x020125d0                __aeabi_dcmplt
                0x020125e8                __aeabi_dcmple
                0x02012600                __aeabi_dcmpge
                0x02012618                __aeabi_dcmpgt
 .text          0x02012630       0x3c /Users/Vincent/Documents/OS_Dev/devkitPro/devkitARM/bin/../lib/gcc/arm-none-eabi/4.8.2/thumb/libgcc.a(_aeabi_uldivmod.o)
                0x02012630                __aeabi_uldivmod
 .text          0x0201266c       0x4c /Users/Vincent/Documents/OS_Dev/devkitPro/devkitARM/bin/../lib/gcc/arm-none-eabi/4.8.2/thumb/libgcc.a(_muldi3.o)
                0x0201266c                __aeabi_lmul
                0x0201266c                __muldi3
 .text          0x020126b8       0x74 /Users/Vincent/Documents/OS_Dev/devkitPro/devkitARM/bin/../lib/gcc/arm-none-eabi/4.8.2/thumb/libgcc.a(bpabi.o)
                0x020126b8                __gnu_ldivmod_helper
                0x020126f4                __gnu_uldivmod_helper
 .text          0x0201272c      0x3cc /Users/Vincent/Documents/OS_Dev/devkitPro/devkitARM/bin/../lib/gcc/arm-none-eabi/4.8.2/thumb/libgcc.a(_divdi3.o)
                0x0201272c                __divdi3
 .text          0x02012af8      0x378 /Users/Vincent/Documents/OS_Dev/devkitPro/devkitARM/bin/../lib/gcc/arm-none-eabi/4.8.2/thumb/libgcc.a(_udivdi3.o)
                0x02012af8                __udivdi3
 .text          0x02012e70       0x48 /Users/Vincent/Documents/OS_Dev/devkitPro/devkitARM/bin/../lib/gcc/arm-none-eabi/4.8.2/thumb/libgcc.a(_clzsi2.o)
                0x02012e70                __clzsi2
 .text          0x02012eb8        0xc /Users/Vincent/Documents/OS_Dev/devkitPro/devkitARM/bin/../lib/gcc/arm-none-eabi/4.8.2/../../../../arm-none-eabi/lib/thumb/libg.a(lib_a-errno.o)
                0x02012eb8                __errno
 .text          0x02012ec4        0x0 /Users/Vincent/Documents/OS_Dev/devkitPro/devkitARM/bin/../lib/gcc/arm-none-eabi/4.8.2/thumb/crtend.o
 .text          0x02012ec4        0x0 /Users/Vincent/Documents/OS_Dev/devkitPro/devkitARM/bin/../lib/gcc/arm-none-eabi/4.8.2/thumb/crtn.o
 *(.text.*)
 .text.startup  0x02012ec4      0x26c ndsbasic.o
                0x02012ec4                main
 .text.startup.__stub
                0x02013130       0xd0 linker stubs
 *(.stub)
 *(.gnu.warning)
 *(.gnu.linkonce.t*)
 *(.glue_7)
 .glue_7        0x00000000        0x0 linker stubs
 *(.glue_7t)
 .glue_7t       0x00000000        0x0 linker stubs
                0x02013200                . = ALIGN (0x4)

.vfp11_veneer   0x02013210        0x0
 .vfp11_veneer  0x00000000        0x0 linker stubs

.v4_bx          0x02013210        0x0
 .v4_bx         0x00000000        0x0 linker stubs

.iplt           0x02013210        0x0
 .iplt          0x00000000        0x0 /Users/Vincent/Documents/OS_Dev/devkitPro/devkitARM/bin/../lib/gcc/arm-none-eabi/4.8.2/../../../../arm-none-eabi/lib/thumb/ds_arm9_crt0.o

.fini           0x02013210        0xc
 *(.fini)
 .fini          0x02013210        0x4 /Users/Vincent/Documents/OS_Dev/devkitPro/devkitARM/bin/../lib/gcc/arm-none-eabi/4.8.2/thumb/crti.o
                0x02013210                _fini
 .fini          0x02013214        0x8 /Users/Vincent/Documents/OS_Dev/devkitPro/devkitARM/bin/../lib/gcc/arm-none-eabi/4.8.2/thumb/crtn.o
                0x0201321c                __text_end = .

.rodata         0x02013220     0x9bd4
 *(.rodata)
 .rodata        0x02013220      0x1ac BAS-INT.o
 .rodata        0x020133cc       0x64 ndsbasic.o
 .rodata        0x02013430      0x200 /Users/Vincent/Documents/OS_Dev/devkitPro/libnds/lib/libnds9.a(console.o)
 .rodata        0x02013630       0x64 /Users/Vincent/Documents/OS_Dev/devkitPro/libnds/lib/libnds9.a(keyboard.o)
                0x02013630                std_in
 .rodata        0x02013694      0x308 /Users/Vincent/Documents/OS_Dev/devkitPro/libnds/lib/libnds9.a(trig.o)
                0x02013694                SIN_LUT
                0x02013798                TAN_LUT
 .rodata        0x0201399c     0x2004 /Users/Vincent/Documents/OS_Dev/devkitPro/libnds/lib/libnds9.a(default_font.bin.o)
                0x0201399c                default_font_bin
                0x0201599c                default_font_bin_end
                0x0201599c                default_font_bin_size
 .rodata        0x020159a0     0x2d0c /Users/Vincent/Documents/OS_Dev/devkitPro/libnds/lib/libnds9.a(keyboardGfx.o)
                0x020159a0                keyboardGfxTiles
                0x02017c8c                keyboardGfxMap
                0x0201868c                keyboardGfxPal
 .rodata        0x020186ac       0x14 /Users/Vincent/Documents/OS_Dev/devkitPro/libnds/lib/libnds9.a(decompress.o)
 .rodata        0x020186c0      0x104 /Users/Vincent/Documents/OS_Dev/devkitPro/devkitARM/bin/../lib/gcc/arm-none-eabi/4.8.2/../../../../arm-none-eabi/lib/thumb/libg.a(lib_a-ctype_.o)
                0x020186c0                _ctype_
 .rodata        0x020187c4        0x4 /Users/Vincent/Documents/OS_Dev/devkitPro/devkitARM/bin/../lib/gcc/arm-none-eabi/4.8.2/../../../../arm-none-eabi/lib/thumb/libg.a(lib_a-impure.o)
                0x020187c4                _global_impure_ptr
 .rodata        0x020187c8      0x340 /Users/Vincent/Documents/OS_Dev/devkitPro/devkitARM/bin/../lib/gcc/arm-none-eabi/4.8.2/../../../../arm-none-eabi/lib/thumb/libg.a(lib_a-svfiscanf.o)
 .rodata        0x02018b08      0x184 /Users/Vincent/Documents/OS_Dev/devkitPro/devkitARM/bin/../lib/gcc/arm-none-eabi/4.8.2/../../../../arm-none-eabi/lib/thumb/libg.a(lib_a-svfprintf.o)
 .rodata        0x02018c8c      0x184 /Users/Vincent/Documents/OS_Dev/devkitPro/devkitARM/bin/../lib/gcc/arm-none-eabi/4.8.2/../../../../arm-none-eabi/lib/thumb/libg.a(lib_a-vfiprintf.o)
 .rodata        0x02018e10      0x184 /Users/Vincent/Documents/OS_Dev/devkitPro/devkitARM/bin/../lib/gcc/arm-none-eabi/4.8.2/../../../../arm-none-eabi/lib/thumb/libg.a(lib_a-vfprintf.o)
 .rodata        0x02018f94     0x34f0 /Users/Vincent/Documents/OS_Dev/devkitPro/devkitARM/bin/../lib/gcc/arm-none-eabi/4.8.2/../../../../arm-none-eabi/lib/thumb/libg.a(lib_a-jp2uc.o)
 .rodata        0x0201c484       0xf0 /Users/Vincent/Documents/OS_Dev/devkitPro/devkitARM/bin/../lib/gcc/arm-none-eabi/4.8.2/../../../../arm-none-eabi/lib/thumb/libg.a(lib_a-locale.o)
 .rodata        0x0201c574       0xa8 /Users/Vincent/Documents/OS_Dev/devkitPro/devkitARM/bin/../lib/gcc/arm-none-eabi/4.8.2/../../../../arm-none-eabi/lib/thumb/libg.a(lib_a-mbtowc_r.o)
 *fill*         0x0201c61c        0x4 ff
 .rodata        0x0201c620      0x128 /Users/Vincent/Documents/OS_Dev/devkitPro/devkitARM/bin/../lib/gcc/arm-none-eabi/4.8.2/../../../../arm-none-eabi/lib/thumb/libg.a(lib_a-mprec.o)
                0x0201c630                __mprec_tens
                0x0201c6f8                __mprec_tinytens
                0x0201c720                __mprec_bigtens
 .rodata        0x0201c748      0x184 /Users/Vincent/Documents/OS_Dev/devkitPro/devkitARM/bin/../lib/gcc/arm-none-eabi/4.8.2/../../../../arm-none-eabi/lib/thumb/libg.a(lib_a-svfiprintf.o)
 .rodata        0x0201c8cc       0x64 /Users/Vincent/Documents/OS_Dev/devkitPro/devkitARM/bin/../lib/gcc/arm-none-eabi/4.8.2/../../../../arm-none-eabi/lib/thumb/libsysbase.a(iosupport.o)
                0x0201c8cc                dotab_stdnull
 *all.rodata*(*)
 *(.roda)
 *(.rodata.*)
 .rodata.str1.4
                0x0201c930      0x217 BAS-INT.o
                                0x218 (size before relaxing)
 *fill*         0x0201cb47        0x1 ff
 .rodata.str1.4
                0x0201cb48       0xcd ndsbasic.o
                                 0xdc (size before relaxing)
 *fill*         0x0201cc15        0x3 ff
 .rodata.str1.4
                0x0201cc18       0x4c /Users/Vincent/Documents/OS_Dev/devkitPro/libnds/lib/libnds9.a(console.o)
 .rodata.str1.4
                0x0201cc64        0x6 /Users/Vincent/Documents/OS_Dev/devkitPro/libnds/lib/libnds9.a(keyboard.o)
                                  0x8 (size before relaxing)
 *fill*         0x0201cc6a        0x2 ff
 .rodata.str1.4
                0x0201cc6c        0x2 /Users/Vincent/Documents/OS_Dev/devkitPro/devkitARM/bin/../lib/gcc/arm-none-eabi/4.8.2/../../../../arm-none-eabi/lib/thumb/libg.a(lib_a-impure.o)
                                  0x4 (size before relaxing)
 .rodata.str1.4
                0x00000000        0x2 /Users/Vincent/Documents/OS_Dev/devkitPro/devkitARM/bin/../lib/gcc/arm-none-eabi/4.8.2/../../../../arm-none-eabi/lib/thumb/libg.a(lib_a-puts.o)
                                  0x4 (size before relaxing)
 *fill*         0x0201cc6e        0x2 ff
 .rodata.str1.4
                0x0201cc70       0x42 /Users/Vincent/Documents/OS_Dev/devkitPro/devkitARM/bin/../lib/gcc/arm-none-eabi/4.8.2/../../../../arm-none-eabi/lib/thumb/libg.a(lib_a-svfprintf.o)
                                 0x44 (size before relaxing)
 .rodata.str1.4
                0x00000000       0x30 /Users/Vincent/Documents/OS_Dev/devkitPro/devkitARM/bin/../lib/gcc/arm-none-eabi/4.8.2/../../../../arm-none-eabi/lib/thumb/libg.a(lib_a-vfiprintf.o)
 .rodata.str1.4
                0x00000000       0x44 /Users/Vincent/Documents/OS_Dev/devkitPro/devkitARM/bin/../lib/gcc/arm-none-eabi/4.8.2/../../../../arm-none-eabi/lib/thumb/libg.a(lib_a-vfprintf.o)
 *fill*         0x0201ccb2        0x2 ff
 .rodata.str1.4
                0x0201ccb4       0x10 /Users/Vincent/Documents/OS_Dev/devkitPro/devkitARM/bin/../lib/gcc/arm-none-eabi/4.8.2/../../../../arm-none-eabi/lib/thumb/libg.a(lib_a-dtoa.o)
                                 0x14 (size before relaxing)
 .rodata.str1.4
                0x0201ccc4       0x12 /Users/Vincent/Documents/OS_Dev/devkitPro/devkitARM/bin/../lib/gcc/arm-none-eabi/4.8.2/../../../../arm-none-eabi/lib/thumb/libg.a(lib_a-jp2uc.o)
                                 0x14 (size before relaxing)
 *fill*         0x0201ccd6        0x2 ff
 .rodata.str1.4
                0x0201ccd8      0x112 /Users/Vincent/Documents/OS_Dev/devkitPro/devkitARM/bin/../lib/gcc/arm-none-eabi/4.8.2/../../../../arm-none-eabi/lib/thumb/libg.a(lib_a-locale.o)
                                0x130 (size before relaxing)
 .rodata.str1.4
                0x00000000        0x4 /Users/Vincent/Documents/OS_Dev/devkitPro/devkitARM/bin/../lib/gcc/arm-none-eabi/4.8.2/../../../../arm-none-eabi/lib/thumb/libg.a(lib_a-mbrtowc.o)
 .rodata.str1.4
                0x00000000       0x30 /Users/Vincent/Documents/OS_Dev/devkitPro/devkitARM/bin/../lib/gcc/arm-none-eabi/4.8.2/../../../../arm-none-eabi/lib/thumb/libg.a(lib_a-svfiprintf.o)
 *fill*         0x0201cdea        0x2 ff
 .rodata.str1.4
                0x0201cdec        0x8 /Users/Vincent/Documents/OS_Dev/devkitPro/devkitARM/bin/../lib/gcc/arm-none-eabi/4.8.2/../../../../arm-none-eabi/lib/thumb/libsysbase.a(iosupport.o)
 *(.gnu.linkonce.r*)
                0x0201cdf4                . = ALIGN (0x4)

.rel.dyn        0x0201cdf4        0x0
 .rel.iplt      0x00000000        0x0 /Users/Vincent/Documents/OS_Dev/devkitPro/devkitARM/bin/../lib/gcc/arm-none-eabi/4.8.2/../../../../arm-none-eabi/lib/thumb/ds_arm9_crt0.o

.ARM.extab
 *(.ARM.extab* .gnu.linkonce.armextab.*)
                0x0201cdf4                __exidx_start = .

ARM.exidx
 *(.ARM.exidx* .gnu.linkonce.armexidx.*)
                0x0201cdf4                __exidx_end = .
                0x0201cdf4                . = ALIGN (0x4)
                0x0201cdf4                PROVIDE (__preinit_array_start, .)

.preinit_array
 *(.preinit_array)
                0x0201cdf4                PROVIDE (__preinit_array_end, .)
                0x0201cdf4                PROVIDE (__init_array_start, .)

.init_array     0x0201cdf4        0x4
 *(SORT(.init_array.*))
 *(.init_array)
 .init_array    0x0201cdf4        0x4 /Users/Vincent/Documents/OS_Dev/devkitPro/devkitARM/bin/../lib/gcc/arm-none-eabi/4.8.2/thumb/crtbegin.o
                0x0201cdf8                PROVIDE (__init_array_end, .)
                0x0201cdf8                PROVIDE (__fini_array_start, .)

.fini_array     0x0201cdf8        0x4
 *(.fini_array)
 .fini_array    0x0201cdf8        0x4 /Users/Vincent/Documents/OS_Dev/devkitPro/devkitARM/bin/../lib/gcc/arm-none-eabi/4.8.2/thumb/crtbegin.o
 *(SORT(.fini_array.*))
                0x0201cdfc                PROVIDE (__fini_array_end, .)

.ctors          0x0201cdfc        0x0
 *crtbegin.o(.ctors)
 *(EXCLUDE_FILE(*crtend.o) .ctors)
 *(SORT(.ctors.*))
 *(.ctors)
                0x0201cdfc                . = ALIGN (0x4)

.dtors          0x0201cdfc        0x0
 *crtbegin.o(.dtors)
 *(EXCLUDE_FILE(*crtend.o) .dtors)
 *(SORT(.dtors.*))
 *(.dtors)
                0x0201cdfc                . = ALIGN (0x4)

.eh_frame       0x0201cdfc        0x4
 *(.eh_frame)
 .eh_frame      0x0201cdfc        0x0 /Users/Vincent/Documents/OS_Dev/devkitPro/devkitARM/bin/../lib/gcc/arm-none-eabi/4.8.2/thumb/crtbegin.o
 .eh_frame      0x0201cdfc        0x4 /Users/Vincent/Documents/OS_Dev/devkitPro/devkitARM/bin/../lib/gcc/arm-none-eabi/4.8.2/thumb/crtend.o
                0x0201ce00                . = ALIGN (0x4)

.gcc_except_table
                0x0201ce00        0x0
 *(.gcc_except_table)
                0x0201ce00                . = ALIGN (0x4)

.jcr            0x0201ce00        0x4
 *(.jcr)
 .jcr           0x0201ce00        0x0 /Users/Vincent/Documents/OS_Dev/devkitPro/devkitARM/bin/../lib/gcc/arm-none-eabi/4.8.2/thumb/crtbegin.o
 .jcr           0x0201ce00        0x4 /Users/Vincent/Documents/OS_Dev/devkitPro/devkitARM/bin/../lib/gcc/arm-none-eabi/4.8.2/thumb/crtend.o

.got
 *(.got.plt)
 *(.got)
 *(.rel.got)

.ewram          0x0201ce04        0x0
                0x0201ce04                __ewram_start = ABSOLUTE (.)
 *(.ewram)
 *ewram.*(.text)
                0x0201ce04                . = ALIGN (0x4)

.data           0x0201ce04     0x1298
                0x0201ce04                __data_start = ABSOLUTE (.)
 *(.data)
 .data          0x0201ce04        0x0 /Users/Vincent/Documents/OS_Dev/devkitPro/devkitARM/bin/../lib/gcc/arm-none-eabi/4.8.2/../../../../arm-none-eabi/lib/thumb/ds_arm9_crt0.o
 .data          0x0201ce04        0x0 /Users/Vincent/Documents/OS_Dev/devkitPro/devkitARM/bin/../lib/gcc/arm-none-eabi/4.8.2/thumb/crti.o
 .data          0x0201ce04        0x4 /Users/Vincent/Documents/OS_Dev/devkitPro/devkitARM/bin/../lib/gcc/arm-none-eabi/4.8.2/thumb/crtbegin.o
                0x0201ce04                __dso_handle
 .data          0x0201ce08      0x210 BAS-INT.o
                0x0201ce08                table
 .data          0x0201d018        0x0 ndsbasic.o
 .data          0x0201d018       0x60 /Users/Vincent/Documents/OS_Dev/devkitPro/libnds/lib/libnds9.a(background.o)
                0x0201d018                bgScrollTable
                0x0201d038                bgTransform
                0x0201d058                bgControl
 .data          0x0201d078       0x64 /Users/Vincent/Documents/OS_Dev/devkitPro/libnds/lib/libnds9.a(console.o)
                0x0201d078                currentConsole
                0x0201d07c                defaultConsole
 .data          0x0201d0dc      0x58c /Users/Vincent/Documents/OS_Dev/devkitPro/libnds/lib/libnds9.a(keyboard.o)
                0x0201d0dc                curKeyboard
                0x0201d0e0                lastKey
                0x0201d0e4                defaultKeyboard
                0x0201d140                lowerCase
                0x0201d154                capsLock
                0x0201d168                SimpleKbdUpper
                0x0201d3e8                SimpleKbdLower
 .data          0x0201d668        0x3 /Users/Vincent/Documents/OS_Dev/devkitPro/libnds/lib/libnds9.a(keys.o)
 .data          0x0201d66b        0x0 /Users/Vincent/Documents/OS_Dev/devkitPro/libnds/lib/libnds9.a(touch.o)
 .data          0x0201d66b        0x0 /Users/Vincent/Documents/OS_Dev/devkitPro/libnds/lib/libnds9.a(trig.o)
 .data          0x0201d66b        0x0 /Users/Vincent/Documents/OS_Dev/devkitPro/libnds/lib/libnds9.a(initSystem.o)
 *fill*         0x0201d66b        0x1 ff
 .data          0x0201d66c       0x10 /Users/Vincent/Documents/OS_Dev/devkitPro/libnds/lib/libnds9.a(fifosystem.o)
                0x0201d66c                fifo_buffer_free
                0x0201d670                fifo_freewords
                0x0201d674                fifo_send_queue
                0x0201d678                fifo_receive_queue
 .data          0x0201d67c        0x0 /Users/Vincent/Documents/OS_Dev/devkitPro/libnds/lib/libnds9.a(interrupts.o)
 .data          0x0201d67c        0x0 /Users/Vincent/Documents/OS_Dev/devkitPro/libnds/lib/libnds9.a(libnds_exit.arm.o)
 .data          0x0201d67c        0x0 /Users/Vincent/Documents/OS_Dev/devkitPro/libnds/lib/libnds9.a(timers.o)
 .data          0x0201d67c        0x0 /Users/Vincent/Documents/OS_Dev/devkitPro/libnds/lib/libnds9.a(mpu_setup.o)
 .data          0x0201d67c        0x0 /Users/Vincent/Documents/OS_Dev/devkitPro/libnds/lib/libnds9.a(biosCalls.o)
 .data          0x0201d67c        0x0 /Users/Vincent/Documents/OS_Dev/devkitPro/libnds/lib/libnds9.a(debugprint.o)
 .data          0x0201d67c        0x0 /Users/Vincent/Documents/OS_Dev/devkitPro/libnds/lib/libnds9.a(interruptDispatcher.o)
 .data          0x0201d67c        0x0 /Users/Vincent/Documents/OS_Dev/devkitPro/libnds/lib/libnds9.a(swiSoftReset.o)
 .data          0x0201d67c        0x0 /Users/Vincent/Documents/OS_Dev/devkitPro/libnds/lib/libnds9.a(default_font.bin.o)
 .data          0x0201d67c        0x0 /Users/Vincent/Documents/OS_Dev/devkitPro/libnds/lib/libnds9.a(keyboardGfx.o)
 .data          0x0201d67c        0xc /Users/Vincent/Documents/OS_Dev/devkitPro/libnds/lib/libnds9.a(decompress.o)
                0x0201d67c                decomStream
 .data          0x0201d688        0x0 /Users/Vincent/Documents/OS_Dev/devkitPro/libnds/lib/libnds9.a(system.o)
 .data          0x0201d688        0x0 /Users/Vincent/Documents/OS_Dev/devkitPro/libnds/lib/libnds9.a(video.o)
 .data          0x0201d688        0x0 /Users/Vincent/Documents/OS_Dev/devkitPro/libnds/lib/libnds9.a(syscalls.o)
 .data          0x0201d688        0x0 /Users/Vincent/Documents/OS_Dev/devkitPro/libnds/lib/libspi.a(spi_driver.o)
 .data          0x0201d688        0x0 /Users/Vincent/Documents/OS_Dev/devkitPro/devkitARM/bin/../lib/gcc/arm-none-eabi/4.8.2/thumb/libgcc.a(_divsi3.o)
 .data          0x0201d688        0x0 /Users/Vincent/Documents/OS_Dev/devkitPro/devkitARM/bin/../lib/gcc/arm-none-eabi/4.8.2/thumb/libgcc.a(_dvmd_tls.o)
 .data          0x0201d688        0x0 /Users/Vincent/Documents/OS_Dev/devkitPro/devkitARM/bin/../lib/gcc/arm-none-eabi/4.8.2/thumb/libgcc.a(_arm_addsubdf3.o)
 .data          0x0201d688        0x0 /Users/Vincent/Documents/OS_Dev/devkitPro/devkitARM/bin/../lib/gcc/arm-none-eabi/4.8.2/thumb/libgcc.a(_arm_muldivdf3.o)
 .data          0x0201d688        0x0 /Users/Vincent/Documents/OS_Dev/devkitPro/devkitARM/bin/../lib/gcc/arm-none-eabi/4.8.2/thumb/libgcc.a(_arm_fixdfsi.o)
 .data          0x0201d688        0x0 /Users/Vincent/Documents/OS_Dev/devkitPro/devkitARM/bin/../lib/gcc/arm-none-eabi/4.8.2/thumb/libgcc.a(_arm_fixunsdfsi.o)
 .data          0x0201d688        0x0 /Users/Vincent/Documents/OS_Dev/devkitPro/devkitARM/bin/../lib/gcc/arm-none-eabi/4.8.2/../../../../arm-none-eabi/lib/thumb/libg.a(lib_a-atoi.o)
 .data          0x0201d688        0x0 /Users/Vincent/Documents/OS_Dev/devkitPro/devkitARM/bin/../lib/gcc/arm-none-eabi/4.8.2/../../../../arm-none-eabi/lib/thumb/libg.a(lib_a-bsearch.o)
 .data          0x0201d688        0x4 /Users/Vincent/Documents/OS_Dev/devkitPro/devkitARM/bin/../lib/gcc/arm-none-eabi/4.8.2/../../../../arm-none-eabi/lib/thumb/libg.a(lib_a-ctype_.o)
                0x0201d688                __ctype_ptr__
 .data          0x0201d68c        0x0 /Users/Vincent/Documents/OS_Dev/devkitPro/devkitARM/bin/../lib/gcc/arm-none-eabi/4.8.2/../../../../arm-none-eabi/lib/thumb/libg.a(lib_a-fclose.o)
 .data          0x0201d68c        0x0 /Users/Vincent/Documents/OS_Dev/devkitPro/devkitARM/bin/../lib/gcc/arm-none-eabi/4.8.2/../../../../arm-none-eabi/lib/thumb/libg.a(lib_a-fflush.o)
 .data          0x0201d68c        0x0 /Users/Vincent/Documents/OS_Dev/devkitPro/devkitARM/bin/../lib/gcc/arm-none-eabi/4.8.2/../../../../arm-none-eabi/lib/thumb/libg.a(lib_a-findfp.o)
 .data          0x0201d68c        0x0 /Users/Vincent/Documents/OS_Dev/devkitPro/devkitARM/bin/../lib/gcc/arm-none-eabi/4.8.2/../../../../arm-none-eabi/lib/thumb/libg.a(lib_a-fopen.o)
 .data          0x0201d68c        0x0 /Users/Vincent/Documents/OS_Dev/devkitPro/devkitARM/bin/../lib/gcc/arm-none-eabi/4.8.2/../../../../arm-none-eabi/lib/thumb/libg.a(lib_a-fprintf.o)
 .data          0x0201d68c        0x0 /Users/Vincent/Documents/OS_Dev/devkitPro/devkitARM/bin/../lib/gcc/arm-none-eabi/4.8.2/../../../../arm-none-eabi/lib/thumb/libg.a(lib_a-freer.o)
 .data          0x0201d68c        0x0 /Users/Vincent/Documents/OS_Dev/devkitPro/devkitARM/bin/../lib/gcc/arm-none-eabi/4.8.2/../../../../arm-none-eabi/lib/thumb/libg.a(lib_a-fseek.o)
 .data          0x0201d68c        0x0 /Users/Vincent/Documents/OS_Dev/devkitPro/devkitARM/bin/../lib/gcc/arm-none-eabi/4.8.2/../../../../arm-none-eabi/lib/thumb/libg.a(lib_a-fseeko.o)
 .data          0x0201d68c        0x0 /Users/Vincent/Documents/OS_Dev/devkitPro/devkitARM/bin/../lib/gcc/arm-none-eabi/4.8.2/../../../../arm-none-eabi/lib/thumb/libg.a(lib_a-fwalk.o)
 *fill*         0x0201d68c        0x4 ff
 .data          0x0201d690      0x430 /Users/Vincent/Documents/OS_Dev/devkitPro/devkitARM/bin/../lib/gcc/arm-none-eabi/4.8.2/../../../../arm-none-eabi/lib/thumb/libg.a(lib_a-impure.o)
                0x0201d690                _impure_ptr
 .data          0x0201dac0        0x0 /Users/Vincent/Documents/OS_Dev/devkitPro/devkitARM/bin/../lib/gcc/arm-none-eabi/4.8.2/../../../../arm-none-eabi/lib/thumb/libg.a(lib_a-init.o)
 .data          0x0201dac0        0x0 /Users/Vincent/Documents/OS_Dev/devkitPro/devkitARM/bin/../lib/gcc/arm-none-eabi/4.8.2/../../../../arm-none-eabi/lib/thumb/libg.a(lib_a-iprintf.o)
 .data          0x0201dac0        0x0 /Users/Vincent/Documents/OS_Dev/devkitPro/devkitARM/bin/../lib/gcc/arm-none-eabi/4.8.2/../../../../arm-none-eabi/lib/thumb/libg.a(lib_a-makebuf.o)
 .data          0x0201dac0        0x0 /Users/Vincent/Documents/OS_Dev/devkitPro/devkitARM/bin/../lib/gcc/arm-none-eabi/4.8.2/../../../../arm-none-eabi/lib/thumb/libg.a(lib_a-malloc.o)
 .data          0x0201dac0      0x410 /Users/Vincent/Documents/OS_Dev/devkitPro/devkitARM/bin/../lib/gcc/arm-none-eabi/4.8.2/../../../../arm-none-eabi/lib/thumb/libg.a(lib_a-mallocr.o)
                0x0201dac0                __malloc_av_
                0x0201dec8                __malloc_sbrk_base
                0x0201decc                __malloc_trim_threshold
 .data          0x0201ded0        0x0 /Users/Vincent/Documents/OS_Dev/devkitPro/devkitARM/bin/../lib/gcc/arm-none-eabi/4.8.2/../../../../arm-none-eabi/lib/thumb/libg.a(lib_a-memcpy-stub.o)
 .data          0x0201ded0        0x0 /Users/Vincent/Documents/OS_Dev/devkitPro/devkitARM/bin/../lib/gcc/arm-none-eabi/4.8.2/../../../../arm-none-eabi/lib/thumb/libg.a(lib_a-memset.o)
 .data          0x0201ded0        0x0 /Users/Vincent/Documents/OS_Dev/devkitPro/devkitARM/bin/../lib/gcc/arm-none-eabi/4.8.2/../../../../arm-none-eabi/lib/thumb/libg.a(lib_a-mlock.o)
 .data          0x0201ded0        0x0 /Users/Vincent/Documents/OS_Dev/devkitPro/devkitARM/bin/../lib/gcc/arm-none-eabi/4.8.2/../../../../arm-none-eabi/lib/thumb/libg.a(lib_a-printf.o)
 .data          0x0201ded0        0x0 /Users/Vincent/Documents/OS_Dev/devkitPro/devkitARM/bin/../lib/gcc/arm-none-eabi/4.8.2/../../../../arm-none-eabi/lib/thumb/libg.a(lib_a-putchar.o)
 .data          0x0201ded0        0x0 /Users/Vincent/Documents/OS_Dev/devkitPro/devkitARM/bin/../lib/gcc/arm-none-eabi/4.8.2/../../../../arm-none-eabi/lib/thumb/libg.a(lib_a-puts.o)
 .data          0x0201ded0        0x0 /Users/Vincent/Documents/OS_Dev/devkitPro/devkitARM/bin/../lib/gcc/arm-none-eabi/4.8.2/../../../../arm-none-eabi/lib/thumb/libg.a(lib_a-refill.o)
 .data          0x0201ded0        0x0 /Users/Vincent/Documents/OS_Dev/devkitPro/devkitARM/bin/../lib/gcc/arm-none-eabi/4.8.2/../../../../arm-none-eabi/lib/thumb/libg.a(lib_a-rget.o)
 .data          0x0201ded0        0x0 /Users/Vincent/Documents/OS_Dev/devkitPro/devkitARM/bin/../lib/gcc/arm-none-eabi/4.8.2/../../../../arm-none-eabi/lib/thumb/libg.a(lib_a-setjmp.o)
 .data          0x0201ded0        0x0 /Users/Vincent/Documents/OS_Dev/devkitPro/devkitARM/bin/../lib/gcc/arm-none-eabi/4.8.2/../../../../arm-none-eabi/lib/thumb/libg.a(lib_a-setvbuf.o)
 .data          0x0201ded0        0x0 /Users/Vincent/Documents/OS_Dev/devkitPro/devkitARM/bin/../lib/gcc/arm-none-eabi/4.8.2/../../../../arm-none-eabi/lib/thumb/libg.a(lib_a-siscanf.o)
 .data          0x0201ded0        0x0 /Users/Vincent/Documents/OS_Dev/devkitPro/devkitARM/bin/../lib/gcc/arm-none-eabi/4.8.2/../../../../arm-none-eabi/lib/thumb/libg.a(lib_a-sprintf.o)
 .data          0x0201ded0        0x0 /Users/Vincent/Documents/OS_Dev/devkitPro/devkitARM/bin/../lib/gcc/arm-none-eabi/4.8.2/../../../../arm-none-eabi/lib/thumb/libg.a(lib_a-stdio.o)
 .data          0x0201ded0        0x0 /Users/Vincent/Documents/OS_Dev/devkitPro/devkitARM/bin/../lib/gcc/arm-none-eabi/4.8.2/../../../../arm-none-eabi/lib/thumb/libg.a(lib_a-stpcpy.o)
 .data          0x0201ded0        0x0 /Users/Vincent/Documents/OS_Dev/devkitPro/devkitARM/bin/../lib/gcc/arm-none-eabi/4.8.2/../../../../arm-none-eabi/lib/thumb/libg.a(lib_a-strcat.o)
 .data          0x0201ded0        0x0 /Users/Vincent/Documents/OS_Dev/devkitPro/devkitARM/bin/../lib/gcc/arm-none-eabi/4.8.2/../../../../arm-none-eabi/lib/thumb/libg.a(lib_a-strchr.o)
 .data          0x0201ded0        0x0 /Users/Vincent/Documents/OS_Dev/devkitPro/devkitARM/bin/../lib/gcc/arm-none-eabi/4.8.2/../../../../arm-none-eabi/lib/thumb/libg.a(lib_a-strcmp.o)
 .data          0x0201ded0        0x0 /Users/Vincent/Documents/OS_Dev/devkitPro/devkitARM/bin/../lib/gcc/arm-none-eabi/4.8.2/../../../../arm-none-eabi/lib/thumb/libg.a(lib_a-strcpy.o)
 .data          0x0201ded0        0x0 /Users/Vincent/Documents/OS_Dev/devkitPro/devkitARM/bin/../lib/gcc/arm-none-eabi/4.8.2/../../../../arm-none-eabi/lib/thumb/libg.a(lib_a-strlen.o)
 .data          0x0201ded0        0x0 /Users/Vincent/Documents/OS_Dev/devkitPro/devkitARM/bin/../lib/gcc/arm-none-eabi/4.8.2/../../../../arm-none-eabi/lib/thumb/libg.a(lib_a-strncmp.o)
 .data          0x0201ded0        0x0 /Users/Vincent/Documents/OS_Dev/devkitPro/devkitARM/bin/../lib/gcc/arm-none-eabi/4.8.2/../../../../arm-none-eabi/lib/thumb/libg.a(lib_a-strtol.o)
 .data          0x0201ded0        0x0 /Users/Vincent/Documents/OS_Dev/devkitPro/devkitARM/bin/../lib/gcc/arm-none-eabi/4.8.2/../../../../arm-none-eabi/lib/thumb/libg.a(lib_a-svfiscanf.o)
 .data          0x0201ded0        0x0 /Users/Vincent/Documents/OS_Dev/devkitPro/devkitARM/bin/../lib/gcc/arm-none-eabi/4.8.2/../../../../arm-none-eabi/lib/thumb/libg.a(lib_a-svfprintf.o)
 .data          0x0201ded0        0x0 /Users/Vincent/Documents/OS_Dev/devkitPro/devkitARM/bin/../lib/gcc/arm-none-eabi/4.8.2/../../../../arm-none-eabi/lib/thumb/libg.a(lib_a-ungetc.o)
 .data          0x0201ded0        0x0 /Users/Vincent/Documents/OS_Dev/devkitPro/devkitARM/bin/../lib/gcc/arm-none-eabi/4.8.2/../../../../arm-none-eabi/lib/thumb/libg.a(lib_a-vfiprintf.o)
 .data          0x0201ded0        0x0 /Users/Vincent/Documents/OS_Dev/devkitPro/devkitARM/bin/../lib/gcc/arm-none-eabi/4.8.2/../../../../arm-none-eabi/lib/thumb/libg.a(lib_a-vfprintf.o)
 .data          0x0201ded0        0x0 /Users/Vincent/Documents/OS_Dev/devkitPro/devkitARM/bin/../lib/gcc/arm-none-eabi/4.8.2/../../../../arm-none-eabi/lib/thumb/libg.a(lib_a-wcrtomb.o)
 .data          0x0201ded0        0x0 /Users/Vincent/Documents/OS_Dev/devkitPro/devkitARM/bin/../lib/gcc/arm-none-eabi/4.8.2/../../../../arm-none-eabi/lib/thumb/libg.a(lib_a-wcsrtombs.o)
 .data          0x0201ded0        0x4 /Users/Vincent/Documents/OS_Dev/devkitPro/devkitARM/bin/../lib/gcc/arm-none-eabi/4.8.2/../../../../arm-none-eabi/lib/thumb/libg.a(lib_a-wctomb_r.o)
                0x0201ded0                __wctomb
 .data          0x0201ded4        0x0 /Users/Vincent/Documents/OS_Dev/devkitPro/devkitARM/bin/../lib/gcc/arm-none-eabi/4.8.2/../../../../arm-none-eabi/lib/thumb/libg.a(lib_a-wsetup.o)
 .data          0x0201ded4        0x0 /Users/Vincent/Documents/OS_Dev/devkitPro/devkitARM/bin/../lib/gcc/arm-none-eabi/4.8.2/../../../../arm-none-eabi/lib/thumb/libg.a(lib_a-dtoa.o)
 .data          0x0201ded4        0x0 /Users/Vincent/Documents/OS_Dev/devkitPro/devkitARM/bin/../lib/gcc/arm-none-eabi/4.8.2/../../../../arm-none-eabi/lib/thumb/libg.a(lib_a-flags.o)
 .data          0x0201ded4        0x0 /Users/Vincent/Documents/OS_Dev/devkitPro/devkitARM/bin/../lib/gcc/arm-none-eabi/4.8.2/../../../../arm-none-eabi/lib/thumb/libg.a(lib_a-fputwc.o)
 .data          0x0201ded4        0x0 /Users/Vincent/Documents/OS_Dev/devkitPro/devkitARM/bin/../lib/gcc/arm-none-eabi/4.8.2/../../../../arm-none-eabi/lib/thumb/libg.a(lib_a-fvwrite.o)
 .data          0x0201ded4        0x0 /Users/Vincent/Documents/OS_Dev/devkitPro/devkitARM/bin/../lib/gcc/arm-none-eabi/4.8.2/../../../../arm-none-eabi/lib/thumb/libg.a(lib_a-iswspace.o)
 .data          0x0201ded4        0x0 /Users/Vincent/Documents/OS_Dev/devkitPro/devkitARM/bin/../lib/gcc/arm-none-eabi/4.8.2/../../../../arm-none-eabi/lib/thumb/libg.a(lib_a-jp2uc.o)
 .data          0x0201ded4      0x17c /Users/Vincent/Documents/OS_Dev/devkitPro/devkitARM/bin/../lib/gcc/arm-none-eabi/4.8.2/../../../../arm-none-eabi/lib/thumb/libg.a(lib_a-locale.o)
                0x0201ded4                __default_locale
                0x0201dff4                __mb_cur_max
 .data          0x0201e050        0x0 /Users/Vincent/Documents/OS_Dev/devkitPro/devkitARM/bin/../lib/gcc/arm-none-eabi/4.8.2/../../../../arm-none-eabi/lib/thumb/libg.a(lib_a-mbrtowc.o)
 .data          0x0201e050        0x4 /Users/Vincent/Documents/OS_Dev/devkitPro/devkitARM/bin/../lib/gcc/arm-none-eabi/4.8.2/../../../../arm-none-eabi/lib/thumb/libg.a(lib_a-mbtowc_r.o)
                0x0201e050                __mbtowc
 .data          0x0201e054        0x0 /Users/Vincent/Documents/OS_Dev/devkitPro/devkitARM/bin/../lib/gcc/arm-none-eabi/4.8.2/../../../../arm-none-eabi/lib/thumb/libg.a(lib_a-memchr-stub.o)
 .data          0x0201e054        0x0 /Users/Vincent/Documents/OS_Dev/devkitPro/devkitARM/bin/../lib/gcc/arm-none-eabi/4.8.2/../../../../arm-none-eabi/lib/thumb/libg.a(lib_a-memmove.o)
 .data          0x0201e054        0x0 /Users/Vincent/Documents/OS_Dev/devkitPro/devkitARM/bin/../lib/gcc/arm-none-eabi/4.8.2/../../../../arm-none-eabi/lib/thumb/libg.a(lib_a-mprec.o)
 .data          0x0201e054        0x0 /Users/Vincent/Documents/OS_Dev/devkitPro/devkitARM/bin/../lib/gcc/arm-none-eabi/4.8.2/../../../../arm-none-eabi/lib/thumb/libg.a(lib_a-putc.o)
 .data          0x0201e054        0x0 /Users/Vincent/Documents/OS_Dev/devkitPro/devkitARM/bin/../lib/gcc/arm-none-eabi/4.8.2/../../../../arm-none-eabi/lib/thumb/libg.a(lib_a-reallocr.o)
 .data          0x0201e054        0x0 /Users/Vincent/Documents/OS_Dev/devkitPro/devkitARM/bin/../lib/gcc/arm-none-eabi/4.8.2/../../../../arm-none-eabi/lib/thumb/libg.a(lib_a-s_fpclassify.o)
 .data          0x0201e054        0x0 /Users/Vincent/Documents/OS_Dev/devkitPro/devkitARM/bin/../lib/gcc/arm-none-eabi/4.8.2/../../../../arm-none-eabi/lib/thumb/libg.a(lib_a-sccl.o)
 .data          0x0201e054        0x0 /Users/Vincent/Documents/OS_Dev/devkitPro/devkitARM/bin/../lib/gcc/arm-none-eabi/4.8.2/../../../../arm-none-eabi/lib/thumb/libg.a(lib_a-strcasecmp.o)
 .data          0x0201e054        0x0 /Users/Vincent/Documents/OS_Dev/devkitPro/devkitARM/bin/../lib/gcc/arm-none-eabi/4.8.2/../../../../arm-none-eabi/lib/thumb/libg.a(lib_a-strlcpy.o)
 .data          0x0201e054        0x0 /Users/Vincent/Documents/OS_Dev/devkitPro/devkitARM/bin/../lib/gcc/arm-none-eabi/4.8.2/../../../../arm-none-eabi/lib/thumb/libg.a(lib_a-strncasecmp.o)
 .data          0x0201e054        0x0 /Users/Vincent/Documents/OS_Dev/devkitPro/devkitARM/bin/../lib/gcc/arm-none-eabi/4.8.2/../../../../arm-none-eabi/lib/thumb/libg.a(lib_a-strncpy.o)
 .data          0x0201e054        0x0 /Users/Vincent/Documents/OS_Dev/devkitPro/devkitARM/bin/../lib/gcc/arm-none-eabi/4.8.2/../../../../arm-none-eabi/lib/thumb/libg.a(lib_a-strtoll_r.o)
 .data          0x0201e054        0x0 /Users/Vincent/Documents/OS_Dev/devkitPro/devkitARM/bin/../lib/gcc/arm-none-eabi/4.8.2/../../../../arm-none-eabi/lib/thumb/libg.a(lib_a-strtoul.o)
 .data          0x0201e054        0x0 /Users/Vincent/Documents/OS_Dev/devkitPro/devkitARM/bin/../lib/gcc/arm-none-eabi/4.8.2/../../../../arm-none-eabi/lib/thumb/libg.a(lib_a-strtoull_r.o)
 .data          0x0201e054        0x0 /Users/Vincent/Documents/OS_Dev/devkitPro/devkitARM/bin/../lib/gcc/arm-none-eabi/4.8.2/../../../../arm-none-eabi/lib/thumb/libg.a(lib_a-svfiprintf.o)
 .data          0x0201e054        0x0 /Users/Vincent/Documents/OS_Dev/devkitPro/devkitARM/bin/../lib/gcc/arm-none-eabi/4.8.2/../../../../arm-none-eabi/lib/thumb/libg.a(lib_a-wbuf.o)
 .data          0x0201e054        0x0 /Users/Vincent/Documents/OS_Dev/devkitPro/devkitARM/bin/../lib/gcc/arm-none-eabi/4.8.2/../../../../arm-none-eabi/lib/thumb/libg.a(lib_a-wcsnrtombs.o)
 .data          0x0201e054        0x0 /Users/Vincent/Documents/OS_Dev/devkitPro/devkitARM/bin/../lib/gcc/arm-none-eabi/4.8.2/../../../../arm-none-eabi/lib/thumb/libg.a(lib_a-callocr.o)
 .data          0x0201e054        0x0 /Users/Vincent/Documents/OS_Dev/devkitPro/devkitARM/bin/../lib/gcc/arm-none-eabi/4.8.2/../../../../arm-none-eabi/lib/thumb/libg.a(lib_a-getenv_r.o)
 .data          0x0201e054        0x4 /Users/Vincent/Documents/OS_Dev/devkitPro/devkitARM/bin/../lib/gcc/arm-none-eabi/4.8.2/../../../../arm-none-eabi/lib/thumb/libg.a(lib_a-environ.o)
                0x0201e054                environ
 .data          0x0201e058        0x0 /Users/Vincent/Documents/OS_Dev/devkitPro/devkitARM/bin/../lib/gcc/arm-none-eabi/4.8.2/../../../../arm-none-eabi/lib/thumb/libg.a(lib_a-envlock.o)
 .data          0x0201e058       0x44 /Users/Vincent/Documents/OS_Dev/devkitPro/devkitARM/bin/../lib/gcc/arm-none-eabi/4.8.2/../../../../arm-none-eabi/lib/thumb/libsysbase.a(iosupport.o)
                0x0201e05c                devoptab_list
 .data          0x0201e09c        0x0 /Users/Vincent/Documents/OS_Dev/devkitPro/devkitARM/bin/../lib/gcc/arm-none-eabi/4.8.2/../../../../arm-none-eabi/lib/thumb/libsysbase.a(close.o)
 .data          0x0201e09c        0x0 /Users/Vincent/Documents/OS_Dev/devkitPro/devkitARM/bin/../lib/gcc/arm-none-eabi/4.8.2/../../../../arm-none-eabi/lib/thumb/libsysbase.a(fstat.o)
 .data          0x0201e09c        0x0 /Users/Vincent/Documents/OS_Dev/devkitPro/devkitARM/bin/../lib/gcc/arm-none-eabi/4.8.2/../../../../arm-none-eabi/lib/thumb/libsysbase.a(isatty.o)
 .data          0x0201e09c        0x0 /Users/Vincent/Documents/OS_Dev/devkitPro/devkitARM/bin/../lib/gcc/arm-none-eabi/4.8.2/../../../../arm-none-eabi/lib/thumb/libsysbase.a(lseek.o)
 .data          0x0201e09c        0x0 /Users/Vincent/Documents/OS_Dev/devkitPro/devkitARM/bin/../lib/gcc/arm-none-eabi/4.8.2/../../../../arm-none-eabi/lib/thumb/libsysbase.a(open.o)
 .data          0x0201e09c        0x0 /Users/Vincent/Documents/OS_Dev/devkitPro/devkitARM/bin/../lib/gcc/arm-none-eabi/4.8.2/../../../../arm-none-eabi/lib/thumb/libsysbase.a(read.o)
 .data          0x0201e09c        0x0 /Users/Vincent/Documents/OS_Dev/devkitPro/devkitARM/bin/../lib/gcc/arm-none-eabi/4.8.2/../../../../arm-none-eabi/lib/thumb/libsysbase.a(sbrk.o)
 .data          0x0201e09c        0x0 /Users/Vincent/Documents/OS_Dev/devkitPro/devkitARM/bin/../lib/gcc/arm-none-eabi/4.8.2/../../../../arm-none-eabi/lib/thumb/libsysbase.a(times.o)
 .data          0x0201e09c        0x0 /Users/Vincent/Documents/OS_Dev/devkitPro/devkitARM/bin/../lib/gcc/arm-none-eabi/4.8.2/../../../../arm-none-eabi/lib/thumb/libsysbase.a(write.o)
 .data          0x0201e09c        0x0 /Users/Vincent/Documents/OS_Dev/devkitPro/devkitARM/bin/../lib/gcc/arm-none-eabi/4.8.2/../../../../arm-none-eabi/lib/thumb/libsysbase.a(malloc_vars.o)
 .data          0x0201e09c        0x0 /Users/Vincent/Documents/OS_Dev/devkitPro/devkitARM/bin/../lib/gcc/arm-none-eabi/4.8.2/../../../../arm-none-eabi/lib/thumb/libsysbase.a(build_argv.o)
 .data          0x0201e09c        0x0 /Users/Vincent/Documents/OS_Dev/devkitPro/devkitARM/bin/../lib/gcc/arm-none-eabi/4.8.2/../../../../arm-none-eabi/lib/thumb/libsysbase.a(syscall_support.o)
 .data          0x0201e09c        0x0 /Users/Vincent/Documents/OS_Dev/devkitPro/devkitARM/bin/../lib/gcc/arm-none-eabi/4.8.2/../../../../arm-none-eabi/lib/thumb/libsysbase.a(handle_manager.o)
 .data          0x0201e09c        0x0 /Users/Vincent/Documents/OS_Dev/devkitPro/devkitARM/bin/../lib/gcc/arm-none-eabi/4.8.2/thumb/libgcc.a(_udivsi3.o)
 .data          0x0201e09c        0x0 /Users/Vincent/Documents/OS_Dev/devkitPro/devkitARM/bin/../lib/gcc/arm-none-eabi/4.8.2/thumb/libgcc.a(_arm_cmpdf2.o)
 .data          0x0201e09c        0x0 /Users/Vincent/Documents/OS_Dev/devkitPro/devkitARM/bin/../lib/gcc/arm-none-eabi/4.8.2/thumb/libgcc.a(_aeabi_uldivmod.o)
 .data          0x0201e09c        0x0 /Users/Vincent/Documents/OS_Dev/devkitPro/devkitARM/bin/../lib/gcc/arm-none-eabi/4.8.2/thumb/libgcc.a(_muldi3.o)
 .data          0x0201e09c        0x0 /Users/Vincent/Documents/OS_Dev/devkitPro/devkitARM/bin/../lib/gcc/arm-none-eabi/4.8.2/thumb/libgcc.a(bpabi.o)
 .data          0x0201e09c        0x0 /Users/Vincent/Documents/OS_Dev/devkitPro/devkitARM/bin/../lib/gcc/arm-none-eabi/4.8.2/thumb/libgcc.a(_divdi3.o)
 .data          0x0201e09c        0x0 /Users/Vincent/Documents/OS_Dev/devkitPro/devkitARM/bin/../lib/gcc/arm-none-eabi/4.8.2/thumb/libgcc.a(_udivdi3.o)
 .data          0x0201e09c        0x0 /Users/Vincent/Documents/OS_Dev/devkitPro/devkitARM/bin/../lib/gcc/arm-none-eabi/4.8.2/thumb/libgcc.a(_clzsi2.o)
 .data          0x0201e09c        0x0 /Users/Vincent/Documents/OS_Dev/devkitPro/devkitARM/bin/../lib/gcc/arm-none-eabi/4.8.2/../../../../arm-none-eabi/lib/thumb/libg.a(lib_a-errno.o)
 .data          0x0201e09c        0x0 /Users/Vincent/Documents/OS_Dev/devkitPro/devkitARM/bin/../lib/gcc/arm-none-eabi/4.8.2/thumb/crtend.o
 .data          0x0201e09c        0x0 /Users/Vincent/Documents/OS_Dev/devkitPro/devkitARM/bin/../lib/gcc/arm-none-eabi/4.8.2/thumb/crtn.o
 *(.data.*)
 *(.gnu.linkonce.d*)
                0x0201e09c                . = ALIGN (0x4)
                0x0201e09c                __data_end = ABSOLUTE (.)
                0x0201e09c                __dtcm_lma = .
                0x0201e09c                __bss_vma = .

.igot.plt       0x0201e09c        0x0
 .igot.plt      0x00000000        0x0 /Users/Vincent/Documents/OS_Dev/devkitPro/devkitARM/bin/../lib/gcc/arm-none-eabi/4.8.2/../../../../arm-none-eabi/lib/thumb/ds_arm9_crt0.o

.tm_clone_table
                0x0201e09c        0x0
 .tm_clone_table
                0x0201e09c        0x0 /Users/Vincent/Documents/OS_Dev/devkitPro/devkitARM/bin/../lib/gcc/arm-none-eabi/4.8.2/thumb/crtbegin.o
 .tm_clone_table
                0x0201e09c        0x0 /Users/Vincent/Documents/OS_Dev/devkitPro/devkitARM/bin/../lib/gcc/arm-none-eabi/4.8.2/thumb/crtend.o

.dtcm           0x0b000000        0x0 load address 0x0201e09c
 *(.dtcm)
 *(.dtcm.*)
                0x0b000000                . = ALIGN (0x4)
                0x0b000000                __dtcm_end = ABSOLUTE (.)
                0x0201e09c                __itcm_lma = (__dtcm_lma + SIZEOF (.dtcm))

.itcm           0x01000100      0x194 load address 0x0201e09c
 *(.itcm)
 .itcm          0x01000100       0xc8 /Users/Vincent/Documents/OS_Dev/devkitPro/libnds/lib/libnds9.a(interrupts.o)
                0x01000100                irqTable
 .itcm          0x010001c8       0xcc /Users/Vincent/Documents/OS_Dev/devkitPro/libnds/lib/libnds9.a(interruptDispatcher.o)
                0x010001c8                IntrMain
 *itcm.*(.text)
                0x01000294                . = ALIGN (0x4)
                0x01000294                __itcm_end = ABSOLUTE (.)
                0x0201e230                __vectors_lma = (__itcm_lma + SIZEOF (.itcm))

.vectors        0x01000000        0x0 load address 0x0201e230
 *(.vectors)
 *vectors.*(.text)
                0x01000000                . = ALIGN (0x4)
                0x01000000                __vectors_end = ABSOLUTE (.)

.sbss           0x0b000000        0x0
                0x0b000000                __sbss_start = ABSOLUTE (.)
                0x0b000000                __sbss_start__ = ABSOLUTE (.)
 *(.sbss)
                0x0b000000                . = ALIGN (0x4)
                0x0b000000                __sbss_end = ABSOLUTE (.)

.bss            0x0201e09c     0x29a8
                0x0201e09c                __bss_start = ABSOLUTE (.)
                0x0201e09c                __bss_start__ = ABSOLUTE (.)
 *(.dynbss)
 *(.gnu.linkonce.b*)
 *(.bss*)
 .bss           0x0201e09c        0x0 /Users/Vincent/Documents/OS_Dev/devkitPro/devkitARM/bin/../lib/gcc/arm-none-eabi/4.8.2/../../../../arm-none-eabi/lib/thumb/ds_arm9_crt0.o
 .bss           0x0201e09c        0x0 /Users/Vincent/Documents/OS_Dev/devkitPro/devkitARM/bin/../lib/gcc/arm-none-eabi/4.8.2/thumb/crti.o
 .bss           0x0201e09c       0x1c /Users/Vincent/Documents/OS_Dev/devkitPro/devkitARM/bin/../lib/gcc/arm-none-eabi/4.8.2/thumb/crtbegin.o
 .bss           0x0201e0b8       0x68 BAS-INT.o
                0x0201e0b8                variables
 .bss           0x0201e120        0x0 ndsbasic.o
 .bss           0x0201e120        0x0 /Users/Vincent/Documents/OS_Dev/devkitPro/libnds/lib/libnds9.a(background.o)
 .bss           0x0201e120        0x0 /Users/Vincent/Documents/OS_Dev/devkitPro/libnds/lib/libnds9.a(console.o)
 .bss           0x0201e120       0x14 /Users/Vincent/Documents/OS_Dev/devkitPro/libnds/lib/libnds9.a(keyboard.o)
                0x0201e128                keyBufferLength
                0x0201e12c                keyBufferOffset
                0x0201e130                stdioRead
 .bss           0x0201e134        0x6 /Users/Vincent/Documents/OS_Dev/devkitPro/libnds/lib/libnds9.a(keys.o)
 .bss           0x0201e13a        0x0 /Users/Vincent/Documents/OS_Dev/devkitPro/libnds/lib/libnds9.a(touch.o)
 .bss           0x0201e13a        0x0 /Users/Vincent/Documents/OS_Dev/devkitPro/libnds/lib/libnds9.a(trig.o)
 .bss           0x0201e13a        0x0 /Users/Vincent/Documents/OS_Dev/devkitPro/libnds/lib/libnds9.a(initSystem.o)
 *fill*         0x0201e13a        0x2 
 .bss           0x0201e13c        0x8 /Users/Vincent/Documents/OS_Dev/devkitPro/libnds/lib/libnds9.a(fifosystem.o)
                0x0201e140                processing
 .bss           0x0201e144        0x0 /Users/Vincent/Documents/OS_Dev/devkitPro/libnds/lib/libnds9.a(interrupts.o)
 .bss           0x0201e144        0x0 /Users/Vincent/Documents/OS_Dev/devkitPro/libnds/lib/libnds9.a(libnds_exit.arm.o)
 .bss           0x0201e144        0xc /Users/Vincent/Documents/OS_Dev/devkitPro/libnds/lib/libnds9.a(timers.o)
                0x0201e144                elapsed
 .bss           0x0201e150        0x0 /Users/Vincent/Documents/OS_Dev/devkitPro/libnds/lib/libnds9.a(mpu_setup.o)
 .bss           0x0201e150        0x0 /Users/Vincent/Documents/OS_Dev/devkitPro/libnds/lib/libnds9.a(biosCalls.o)
 .bss           0x0201e150        0x0 /Users/Vincent/Documents/OS_Dev/devkitPro/libnds/lib/libnds9.a(debugprint.o)
 .bss           0x0201e150        0x0 /Users/Vincent/Documents/OS_Dev/devkitPro/libnds/lib/libnds9.a(interruptDispatcher.o)
 .bss           0x0201e150        0x0 /Users/Vincent/Documents/OS_Dev/devkitPro/libnds/lib/libnds9.a(swiSoftReset.o)
 .bss           0x0201e150        0x0 /Users/Vincent/Documents/OS_Dev/devkitPro/libnds/lib/libnds9.a(default_font.bin.o)
 .bss           0x0201e150        0x0 /Users/Vincent/Documents/OS_Dev/devkitPro/libnds/lib/libnds9.a(keyboardGfx.o)
 .bss           0x0201e150        0x0 /Users/Vincent/Documents/OS_Dev/devkitPro/libnds/lib/libnds9.a(decompress.o)
 .bss           0x0201e150        0x4 /Users/Vincent/Documents/OS_Dev/devkitPro/libnds/lib/libnds9.a(system.o)
 .bss           0x0201e154        0x0 /Users/Vincent/Documents/OS_Dev/devkitPro/libnds/lib/libnds9.a(video.o)
 .bss           0x0201e154        0x0 /Users/Vincent/Documents/OS_Dev/devkitPro/libnds/lib/libnds9.a(syscalls.o)
 .bss           0x0201e154        0x8 /Users/Vincent/Documents/OS_Dev/devkitPro/libnds/lib/libspi.a(spi_driver.o)
 .bss           0x0201e15c        0x0 /Users/Vincent/Documents/OS_Dev/devkitPro/devkitARM/bin/../lib/gcc/arm-none-eabi/4.8.2/thumb/libgcc.a(_divsi3.o)
 .bss           0x0201e15c        0x0 /Users/Vincent/Documents/OS_Dev/devkitPro/devkitARM/bin/../lib/gcc/arm-none-eabi/4.8.2/thumb/libgcc.a(_dvmd_tls.o)
 .bss           0x0201e15c        0x0 /Users/Vincent/Documents/OS_Dev/devkitPro/devkitARM/bin/../lib/gcc/arm-none-eabi/4.8.2/thumb/libgcc.a(_arm_addsubdf3.o)
 .bss           0x0201e15c        0x0 /Users/Vincent/Documents/OS_Dev/devkitPro/devkitARM/bin/../lib/gcc/arm-none-eabi/4.8.2/thumb/libgcc.a(_arm_muldivdf3.o)
 .bss           0x0201e15c        0x0 /Users/Vincent/Documents/OS_Dev/devkitPro/devkitARM/bin/../lib/gcc/arm-none-eabi/4.8.2/thumb/libgcc.a(_arm_fixdfsi.o)
 .bss           0x0201e15c        0x0 /Users/Vincent/Documents/OS_Dev/devkitPro/devkitARM/bin/../lib/gcc/arm-none-eabi/4.8.2/thumb/libgcc.a(_arm_fixunsdfsi.o)
 .bss           0x0201e15c        0x0 /Users/Vincent/Documents/OS_Dev/devkitPro/devkitARM/bin/../lib/gcc/arm-none-eabi/4.8.2/../../../../arm-none-eabi/lib/thumb/libg.a(lib_a-atoi.o)
 .bss           0x0201e15c        0x0 /Users/Vincent/Documents/OS_Dev/devkitPro/devkitARM/bin/../lib/gcc/arm-none-eabi/4.8.2/../../../../arm-none-eabi/lib/thumb/libg.a(lib_a-bsearch.o)
 .bss           0x0201e15c        0x0 /Users/Vincent/Documents/OS_Dev/devkitPro/devkitARM/bin/../lib/gcc/arm-none-eabi/4.8.2/../../../../arm-none-eabi/lib/thumb/libg.a(lib_a-ctype_.o)
 .bss           0x0201e15c        0x0 /Users/Vincent/Documents/OS_Dev/devkitPro/devkitARM/bin/../lib/gcc/arm-none-eabi/4.8.2/../../../../arm-none-eabi/lib/thumb/libg.a(lib_a-fclose.o)
 .bss           0x0201e15c        0x0 /Users/Vincent/Documents/OS_Dev/devkitPro/devkitARM/bin/../lib/gcc/arm-none-eabi/4.8.2/../../../../arm-none-eabi/lib/thumb/libg.a(lib_a-fflush.o)
 .bss           0x0201e15c        0x0 /Users/Vincent/Documents/OS_Dev/devkitPro/devkitARM/bin/../lib/gcc/arm-none-eabi/4.8.2/../../../../arm-none-eabi/lib/thumb/libg.a(lib_a-findfp.o)
 .bss           0x0201e15c        0x0 /Users/Vincent/Documents/OS_Dev/devkitPro/devkitARM/bin/../lib/gcc/arm-none-eabi/4.8.2/../../../../arm-none-eabi/lib/thumb/libg.a(lib_a-fopen.o)
 .bss           0x0201e15c        0x0 /Users/Vincent/Documents/OS_Dev/devkitPro/devkitARM/bin/../lib/gcc/arm-none-eabi/4.8.2/../../../../arm-none-eabi/lib/thumb/libg.a(lib_a-fprintf.o)
 .bss           0x0201e15c        0x0 /Users/Vincent/Documents/OS_Dev/devkitPro/devkitARM/bin/../lib/gcc/arm-none-eabi/4.8.2/../../../../arm-none-eabi/lib/thumb/libg.a(lib_a-freer.o)
 .bss           0x0201e15c        0x0 /Users/Vincent/Documents/OS_Dev/devkitPro/devkitARM/bin/../lib/gcc/arm-none-eabi/4.8.2/../../../../arm-none-eabi/lib/thumb/libg.a(lib_a-fseek.o)
 .bss           0x0201e15c        0x0 /Users/Vincent/Documents/OS_Dev/devkitPro/devkitARM/bin/../lib/gcc/arm-none-eabi/4.8.2/../../../../arm-none-eabi/lib/thumb/libg.a(lib_a-fseeko.o)
 .bss           0x0201e15c        0x0 /Users/Vincent/Documents/OS_Dev/devkitPro/devkitARM/bin/../lib/gcc/arm-none-eabi/4.8.2/../../../../arm-none-eabi/lib/thumb/libg.a(lib_a-fwalk.o)
 .bss           0x0201e15c        0x0 /Users/Vincent/Documents/OS_Dev/devkitPro/devkitARM/bin/../lib/gcc/arm-none-eabi/4.8.2/../../../../arm-none-eabi/lib/thumb/libg.a(lib_a-impure.o)
 .bss           0x0201e15c        0x0 /Users/Vincent/Documents/OS_Dev/devkitPro/devkitARM/bin/../lib/gcc/arm-none-eabi/4.8.2/../../../../arm-none-eabi/lib/thumb/libg.a(lib_a-init.o)